Archive member included to satisfy reference by file (symbol)

/usr/lib/gcc/arm-none-eabi/11.1.0/thumb/v6-m/nofp/libgcc.a(_dvmd_tls.o)
                              CMakeFiles/hello_world.dir/home/schef/git/pico-sdk/src/rp2_common/pico_divider/divider.S.obj (__aeabi_idiv0)
/usr/lib/gcc/arm-none-eabi/11.1.0/../../../../arm-none-eabi/lib/thumb/v6-m/nofp/libc.a(lib_a-atexit.o)
                              /usr/lib/gcc/arm-none-eabi/11.1.0/../../../../arm-none-eabi/lib/thumb/v6-m/nofp/crt0.o (atexit)
/usr/lib/gcc/arm-none-eabi/11.1.0/../../../../arm-none-eabi/lib/thumb/v6-m/nofp/libc.a(lib_a-calloc.o)
                              CMakeFiles/hello_world.dir/home/schef/git/pico-sdk/src/rp2_common/pico_malloc/pico_malloc.c.obj (calloc)
/usr/lib/gcc/arm-none-eabi/11.1.0/../../../../arm-none-eabi/lib/thumb/v6-m/nofp/libc.a(lib_a-callocr.o)
                              /usr/lib/gcc/arm-none-eabi/11.1.0/../../../../arm-none-eabi/lib/thumb/v6-m/nofp/libc.a(lib_a-calloc.o) (_calloc_r)
/usr/lib/gcc/arm-none-eabi/11.1.0/../../../../arm-none-eabi/lib/thumb/v6-m/nofp/libc.a(lib_a-errno.o)
                              /usr/lib/gcc/arm-none-eabi/11.1.0/../../../../arm-none-eabi/lib/thumb/v6-m/nofp/libc.a(lib_a-callocr.o) (__errno)
/usr/lib/gcc/arm-none-eabi/11.1.0/../../../../arm-none-eabi/lib/thumb/v6-m/nofp/libc.a(lib_a-fini.o)
                              /usr/lib/gcc/arm-none-eabi/11.1.0/../../../../arm-none-eabi/lib/thumb/v6-m/nofp/crt0.o (__libc_fini_array)
/usr/lib/gcc/arm-none-eabi/11.1.0/../../../../arm-none-eabi/lib/thumb/v6-m/nofp/libc.a(lib_a-impure.o)
                              /usr/lib/gcc/arm-none-eabi/11.1.0/../../../../arm-none-eabi/lib/thumb/v6-m/nofp/libc.a(lib_a-calloc.o) (_impure_ptr)
/usr/lib/gcc/arm-none-eabi/11.1.0/../../../../arm-none-eabi/lib/thumb/v6-m/nofp/libc.a(lib_a-init.o)
                              /usr/lib/gcc/arm-none-eabi/11.1.0/../../../../arm-none-eabi/lib/thumb/v6-m/nofp/crt0.o (__libc_init_array)
/usr/lib/gcc/arm-none-eabi/11.1.0/../../../../arm-none-eabi/lib/thumb/v6-m/nofp/libc.a(lib_a-malloc.o)
                              CMakeFiles/hello_world.dir/home/schef/git/pico-sdk/src/rp2_common/pico_malloc/pico_malloc.c.obj (malloc)
/usr/lib/gcc/arm-none-eabi/11.1.0/../../../../arm-none-eabi/lib/thumb/v6-m/nofp/libc.a(lib_a-mallocr.o)
                              /usr/lib/gcc/arm-none-eabi/11.1.0/../../../../arm-none-eabi/lib/thumb/v6-m/nofp/libc.a(lib_a-callocr.o) (_malloc_r)
/usr/lib/gcc/arm-none-eabi/11.1.0/../../../../arm-none-eabi/lib/thumb/v6-m/nofp/libc.a(lib_a-mlock.o)
                              /usr/lib/gcc/arm-none-eabi/11.1.0/../../../../arm-none-eabi/lib/thumb/v6-m/nofp/libc.a(lib_a-mallocr.o) (__malloc_lock)
/usr/lib/gcc/arm-none-eabi/11.1.0/../../../../arm-none-eabi/lib/thumb/v6-m/nofp/libc.a(lib_a-sbrkr.o)
                              /usr/lib/gcc/arm-none-eabi/11.1.0/../../../../arm-none-eabi/lib/thumb/v6-m/nofp/libc.a(lib_a-mallocr.o) (_sbrk_r)
/usr/lib/gcc/arm-none-eabi/11.1.0/../../../../arm-none-eabi/lib/thumb/v6-m/nofp/libc.a(lib_a-strlen-stub.o)
                              CMakeFiles/hello_world.dir/home/schef/git/pico-sdk/src/rp2_common/pico_stdio/stdio.c.obj (strlen)
/usr/lib/gcc/arm-none-eabi/11.1.0/../../../../arm-none-eabi/lib/thumb/v6-m/nofp/libc.a(lib_a-__atexit.o)
                              /usr/lib/gcc/arm-none-eabi/11.1.0/../../../../arm-none-eabi/lib/thumb/v6-m/nofp/libc.a(lib_a-atexit.o) (__register_exitproc)
/usr/lib/gcc/arm-none-eabi/11.1.0/../../../../arm-none-eabi/lib/thumb/v6-m/nofp/libc.a(lib_a-__call_atexit.o)
                              /usr/lib/gcc/arm-none-eabi/11.1.0/../../../../arm-none-eabi/lib/thumb/v6-m/nofp/libc.a(lib_a-__atexit.o) (__atexit_recursive_mutex)
/usr/lib/gcc/arm-none-eabi/11.1.0/../../../../arm-none-eabi/lib/thumb/v6-m/nofp/libc.a(lib_a-freer.o)
                              /usr/lib/gcc/arm-none-eabi/11.1.0/../../../../arm-none-eabi/lib/thumb/v6-m/nofp/libc.a(lib_a-malloc.o) (_free_r)
/usr/lib/gcc/arm-none-eabi/11.1.0/../../../../arm-none-eabi/lib/thumb/v6-m/nofp/libc.a(lib_a-lock.o)
                              /usr/lib/gcc/arm-none-eabi/11.1.0/../../../../arm-none-eabi/lib/thumb/v6-m/nofp/libc.a(lib_a-mlock.o) (__retarget_lock_acquire_recursive)
/usr/lib/gcc/arm-none-eabi/11.1.0/../../../../arm-none-eabi/lib/thumb/v6-m/nofp/libc.a(lib_a-reent.o)
                              /usr/lib/gcc/arm-none-eabi/11.1.0/../../../../arm-none-eabi/lib/thumb/v6-m/nofp/libc.a(lib_a-sbrkr.o) (errno)

Discarded input sections

 .text          0x0000000000000000        0x0 /usr/lib/gcc/arm-none-eabi/11.1.0/thumb/v6-m/nofp/crti.o
 .data          0x0000000000000000        0x0 /usr/lib/gcc/arm-none-eabi/11.1.0/thumb/v6-m/nofp/crti.o
 .bss           0x0000000000000000        0x0 /usr/lib/gcc/arm-none-eabi/11.1.0/thumb/v6-m/nofp/crti.o
 .text          0x0000000000000000        0x0 /usr/lib/gcc/arm-none-eabi/11.1.0/thumb/v6-m/nofp/crtbegin.o
[...]
Memory Configuration

Name             Origin             Length             Attributes
FLASH            0x0000000010000000 0x0000000000200000 xr
RAM              0x0000000020000000 0x0000000000040000 xrw
SCRATCH_X        0x0000000020040000 0x0000000000001000 xrw
SCRATCH_Y        0x0000000020041000 0x0000000000001000 xrw
*default*        0x0000000000000000 0xffffffffffffffff

Linker script and memory map

LOAD /usr/lib/gcc/arm-none-eabi/11.1.0/thumb/v6-m/nofp/crti.o
LOAD /usr/lib/gcc/arm-none-eabi/11.1.0/thumb/v6-m/nofp/crtbegin.o
LOAD /usr/lib/gcc/arm-none-eabi/11.1.0/../../../../arm-none-eabi/lib/thumb/v6-m/nofp/crt0.o

.flash_begin    0x0000000010000000        0x0
                0x0000000010000000                __flash_binary_start = .

.boot2          0x0000000010000000      0x100
                0x0000000010000000                __boot2_start__ = .
 *(.boot2)
 .boot2         0x0000000010000000      0x100 /tmp/cceKFZ77.o
                0x0000000010000100                __boot2_end__ = .
                0x0000000000000001                ASSERT (((__boot2_end__ - __boot2_start__) == 0x100), ERROR: Pico second stage bootloader must be 256 bytes in size)

.text           0x0000000010000100     0x6d00
                0x0000000010000100                __logical_binary_start = .
 *(.vectors)
 .vectors       0x0000000010000100       0xd4 CMakeFiles/hello_world.dir/home/schef/git/pico-sdk/src/rp2_common/pico_standard_link/crt0.S.obj
                0x0000000010000100                __vectors
                0x0000000010000100                __VECTOR_TABLE
                0x00000000100001c0                isr_invalid
                0x00000000100001c0                __default_isrs_start
                0x00000000100001c2                isr_nmi
                0x00000000100001c4                isr_hardfault
                0x00000000100001c6                isr_svcall
                0x00000000100001c8                isr_pendsv
                0x00000000100001ca                isr_systick
                0x00000000100001cc                isr_irq30
                0x00000000100001cc                __unhandled_user_irq
                0x00000000100001cc                isr_irq13
                0x00000000100001cc                isr_irq27
                0x00000000100001cc                isr_irq31
                0x00000000100001cc                isr_irq5
                0x00000000100001cc                isr_irq11
                0x00000000100001cc                isr_irq23
                0x00000000100001cc                isr_irq18
                0x00000000100001cc                isr_irq28
                0x00000000100001cc                isr_irq19
                0x00000000100001cc                isr_irq0
                0x00000000100001cc                isr_irq6
                0x00000000100001cc                isr_irq22
                0x00000000100001cc                isr_irq17
                0x00000000100001cc                isr_irq14
                0x00000000100001cc                isr_irq2
                0x00000000100001cc                isr_irq10
                0x00000000100001cc                isr_irq8
                0x00000000100001cc                isr_irq24
                0x00000000100001cc                isr_irq1
                0x00000000100001cc                isr_irq7
                0x00000000100001cc                isr_irq21
                0x00000000100001cc                isr_irq20
                0x00000000100001cc                isr_irq15
                0x00000000100001cc                isr_irq25
                0x00000000100001cc                isr_irq4
                0x00000000100001cc                isr_irq16
                0x00000000100001cc                isr_irq29
                0x00000000100001cc                isr_irq26
                0x00000000100001cc                __default_isrs_end
                0x00000000100001cc                isr_irq3
                0x00000000100001cc                isr_irq12
                0x00000000100001cc                isr_irq9
                0x00000000100001d2                unhandled_user_irq_num_in_r0
 *(.binary_info_header)
 .binary_info_header
                0x00000000100001d4       0x14 CMakeFiles/hello_world.dir/home/schef/git/pico-sdk/src/rp2_common/pico_standard_link/crt0.S.obj
                0x00000000100001e8                __binary_info_header_end = .
 *(.reset)
 .reset         0x00000000100001e8       0xa8 CMakeFiles/hello_world.dir/home/schef/git/pico-sdk/src/rp2_common/pico_standard_link/crt0.S.obj
                0x00000000100001e8                _entry_point
                0x0000000010000266                __get_current_exception
 .reset         0x0000000010000290       0x30 CMakeFiles/hello_world.dir/home/schef/git/pico-sdk/src/rp2_common/pico_standard_link/binary_info.c.obj
 *(.init)
 .init          0x00000000100002c0        0x4 /usr/lib/gcc/arm-none-eabi/11.1.0/thumb/v6-m/nofp/crti.o
                0x00000000100002c0                _init
 *(EXCLUDE_FILE(*libm.a: *libc.a:*lib_a-mem*.o *libgcc.a:) .text*)
 .text.frame_dummy
                0x00000000100002c4       0x20 /usr/lib/gcc/arm-none-eabi/11.1.0/thumb/v6-m/nofp/crtbegin.o
 .text.adc_gpio_init
                0x00000000100002e4       0x20 CMakeFiles/hello_world.dir/hello_world.c.obj
 .text.startup.main
                0x0000000010000304       0xe4 CMakeFiles/hello_world.dir/hello_world.c.obj
                0x0000000010000304                main
 .text.gpio_set_function
                0x00000000100003e8       0x30 CMakeFiles/hello_world.dir/home/schef/git/pico-sdk/src/rp2_common/hardware_gpio/gpio.c.obj
                0x00000000100003e8                gpio_set_function
 .text.gpio_set_pulls
                0x0000000010000418       0x24 CMakeFiles/hello_world.dir/home/schef/git/pico-sdk/src/rp2_common/hardware_gpio/gpio.c.obj
                0x0000000010000418                gpio_set_pulls
 .text.gpio_set_input_enabled
                0x000000001000043c       0x28 CMakeFiles/hello_world.dir/home/schef/git/pico-sdk/src/rp2_common/hardware_gpio/gpio.c.obj
                0x000000001000043c                gpio_set_input_enabled
 .text.hw_claim_or_assert
                0x0000000010000464       0x44 CMakeFiles/hello_world.dir/home/schef/git/pico-sdk/src/rp2_common/hardware_claim/claim.c.obj
                0x0000000010000464                hw_claim_or_assert
 .text.hw_claim_unused_from_range
                0x00000000100004a8       0x9c CMakeFiles/hello_world.dir/home/schef/git/pico-sdk/src/rp2_common/hardware_claim/claim.c.obj
                0x00000000100004a8                hw_claim_unused_from_range
 .text.running_on_fpga
                0x0000000010000544       0x10 CMakeFiles/hello_world.dir/home/schef/git/pico-sdk/src/rp2_common/pico_platform/platform.c.obj
                0x0000000010000544                running_on_fpga
 .text.spin_locks_reset
                0x0000000010000554       0x1c CMakeFiles/hello_world.dir/home/schef/git/pico-sdk/src/rp2_common/hardware_sync/sync.c.obj
                0x0000000010000554                spin_locks_reset
 .text.next_striped_spin_lock_num
                0x0000000010000570       0x18 CMakeFiles/hello_world.dir/home/schef/git/pico-sdk/src/rp2_common/hardware_sync/sync.c.obj
                0x0000000010000570                next_striped_spin_lock_num
 .text.spin_lock_claim_unused
                0x0000000010000588       0x24 CMakeFiles/hello_world.dir/home/schef/git/pico-sdk/src/rp2_common/hardware_sync/sync.c.obj
                0x0000000010000588                spin_lock_claim_unused
 .text.timer_pool_entry_comparator
                0x00000000100005ac       0x34 CMakeFiles/hello_world.dir/home/schef/git/pico-sdk/src/common/pico_time/time.c.obj
                0x00000000100005ac                timer_pool_entry_comparator
 .text.sleep_until_callback
                0x00000000100005e0       0x30 CMakeFiles/hello_world.dir/home/schef/git/pico-sdk/src/common/pico_time/time.c.obj
 .text.add_alarm_under_lock.isra.0
                0x0000000010000610       0xfc CMakeFiles/hello_world.dir/home/schef/git/pico-sdk/src/common/pico_time/time.c.obj
 .text.alarm_pool_alarm_callback
                0x000000001000070c      0x1c8 CMakeFiles/hello_world.dir/home/schef/git/pico-sdk/src/common/pico_time/time.c.obj
 .text.alarm_pool_add_alarm_at.constprop.0
                0x00000000100008d4      0x114 CMakeFiles/hello_world.dir/home/schef/git/pico-sdk/src/common/pico_time/time.c.obj
 .text.alarm_pool_init_default
                0x00000000100009e8       0x64 CMakeFiles/hello_world.dir/home/schef/git/pico-sdk/src/common/pico_time/time.c.obj
                0x00000000100009e8                alarm_pool_init_default
 .text.alarm_pool_get_default
                0x0000000010000a4c        0x8 CMakeFiles/hello_world.dir/home/schef/git/pico-sdk/src/common/pico_time/time.c.obj
                0x0000000010000a4c                alarm_pool_get_default
 .text.alarm_pool_add_alarm_at
                0x0000000010000a54      0x198 CMakeFiles/hello_world.dir/home/schef/git/pico-sdk/src/common/pico_time/time.c.obj
                0x0000000010000a54                alarm_pool_add_alarm_at
 .text.sleep_until
                0x0000000010000bec       0xac CMakeFiles/hello_world.dir/home/schef/git/pico-sdk/src/common/pico_time/time.c.obj
                0x0000000010000bec                sleep_until
 .text.sleep_ms
                0x0000000010000c98       0x38 CMakeFiles/hello_world.dir/home/schef/git/pico-sdk/src/common/pico_time/time.c.obj
                0x0000000010000c98                sleep_ms
 .text.best_effort_wfe_or_timeout
                0x0000000010000cd0       0xac CMakeFiles/hello_world.dir/home/schef/git/pico-sdk/src/common/pico_time/time.c.obj
                0x0000000010000cd0                best_effort_wfe_or_timeout
 .text.hardware_alarm_irq_handler
                0x0000000010000d7c       0xb8 CMakeFiles/hello_world.dir/home/schef/git/pico-sdk/src/rp2_common/hardware_timer/timer.c.obj
 .text.hardware_alarm_claim
                0x0000000010000e34       0x18 CMakeFiles/hello_world.dir/home/schef/git/pico-sdk/src/rp2_common/hardware_timer/timer.c.obj
                0x0000000010000e34                hardware_alarm_claim
 .text.time_us_64
                0x0000000010000e4c       0x14 CMakeFiles/hello_world.dir/home/schef/git/pico-sdk/src/rp2_common/hardware_timer/timer.c.obj
                0x0000000010000e4c                time_us_64
 .text.busy_wait_until
                0x0000000010000e60       0x20 CMakeFiles/hello_world.dir/home/schef/git/pico-sdk/src/rp2_common/hardware_timer/timer.c.obj
                0x0000000010000e60                busy_wait_until
 .text.hardware_alarm_set_callback
                0x0000000010000e80       0x8c CMakeFiles/hello_world.dir/home/schef/git/pico-sdk/src/rp2_common/hardware_timer/timer.c.obj
                0x0000000010000e80                hardware_alarm_set_callback
 .text.hardware_alarm_set_target
                0x0000000010000f0c       0xe0 CMakeFiles/hello_world.dir/home/schef/git/pico-sdk/src/rp2_common/hardware_timer/timer.c.obj
                0x0000000010000f0c                hardware_alarm_set_target
 .text.hardware_alarm_cancel
                0x0000000010000fec       0x3c CMakeFiles/hello_world.dir/home/schef/git/pico-sdk/src/rp2_common/hardware_timer/timer.c.obj
                0x0000000010000fec                hardware_alarm_cancel
 .text.lock_init
                0x0000000010001028       0x10 CMakeFiles/hello_world.dir/home/schef/git/pico-sdk/src/common/pico_sync/lock_core.c.obj
                0x0000000010001028                lock_init
 .text.mutex_init
                0x0000000010001038       0x1c CMakeFiles/hello_world.dir/home/schef/git/pico-sdk/src/common/pico_sync/mutex.c.obj
                0x0000000010001038                mutex_init
 .text.recursive_mutex_init
                0x0000000010001054       0x1c CMakeFiles/hello_world.dir/home/schef/git/pico-sdk/src/common/pico_sync/mutex.c.obj
                0x0000000010001054                recursive_mutex_init
 .text.critical_section_init
                0x0000000010001070       0x20 CMakeFiles/hello_world.dir/home/schef/git/pico-sdk/src/common/pico_sync/critical_section.c.obj
                0x0000000010001070                critical_section_init
 .text.ph_merge_nodes
                0x0000000010001090       0x5c CMakeFiles/hello_world.dir/home/schef/git/pico-sdk/src/common/pico_util/pheap.c.obj
 .text.ph_post_alloc_init
                0x00000000100010ec       0x3c CMakeFiles/hello_world.dir/home/schef/git/pico-sdk/src/common/pico_util/pheap.c.obj
                0x00000000100010ec                ph_post_alloc_init
 .text.ph_merge_two_pass
                0x0000000010001128       0x90 CMakeFiles/hello_world.dir/home/schef/git/pico-sdk/src/common/pico_util/pheap.c.obj
                0x0000000010001128                ph_merge_two_pass
 .text.ph_remove_any_head
                0x00000000100011b8       0xf8 CMakeFiles/hello_world.dir/home/schef/git/pico-sdk/src/common/pico_util/pheap.c.obj
 .text.ph_remove_head
                0x00000000100012b0       0xfc CMakeFiles/hello_world.dir/home/schef/git/pico-sdk/src/common/pico_util/pheap.c.obj
                0x00000000100012b0                ph_remove_head
 .text.ph_remove_and_free_node
                0x00000000100013ac       0x7c CMakeFiles/hello_world.dir/home/schef/git/pico-sdk/src/common/pico_util/pheap.c.obj
                0x00000000100013ac                ph_remove_and_free_node
 .text.runtime_init
                0x0000000010001428      0x100 CMakeFiles/hello_world.dir/home/schef/git/pico-sdk/src/rp2_common/pico_runtime/runtime.c.obj
                0x0000000010001428                runtime_init
 .text.exit     0x0000000010001528        0x4 CMakeFiles/hello_world.dir/home/schef/git/pico-sdk/src/rp2_common/pico_runtime/runtime.c.obj
                0x0000000010001528                exit
 .text.panic    0x000000001000152c       0x30 CMakeFiles/hello_world.dir/home/schef/git/pico-sdk/src/rp2_common/pico_runtime/runtime.c.obj
                0x000000001000152c                panic
 .text.hard_assertion_failure
                0x000000001000155c        0xc CMakeFiles/hello_world.dir/home/schef/git/pico-sdk/src/rp2_common/pico_runtime/runtime.c.obj
                0x000000001000155c                hard_assertion_failure
 .text.clocks_init
                0x0000000010001568      0x2b0 CMakeFiles/hello_world.dir/home/schef/git/pico-sdk/src/rp2_common/hardware_clocks/clocks.c.obj
                0x0000000010001568                clocks_init
 .text.irq_set_enabled
                0x0000000010001818       0x24 CMakeFiles/hello_world.dir/home/schef/git/pico-sdk/src/rp2_common/hardware_irq/irq.c.obj
                0x0000000010001818                irq_set_enabled
 .text.irq_set_pending
                0x000000001000183c       0x10 CMakeFiles/hello_world.dir/home/schef/git/pico-sdk/src/rp2_common/hardware_irq/irq.c.obj
                0x000000001000183c                irq_set_pending
 .text.irq_get_vtable_handler
                0x000000001000184c       0x10 CMakeFiles/hello_world.dir/home/schef/git/pico-sdk/src/rp2_common/hardware_irq/irq.c.obj
                0x000000001000184c                irq_get_vtable_handler
 .text.irq_set_exclusive_handler
                0x000000001000185c       0x54 CMakeFiles/hello_world.dir/home/schef/git/pico-sdk/src/rp2_common/hardware_irq/irq.c.obj
                0x000000001000185c                irq_set_exclusive_handler
 .text.irq_remove_handler
                0x00000000100018b0      0x1bc CMakeFiles/hello_world.dir/home/schef/git/pico-sdk/src/rp2_common/hardware_irq/irq.c.obj
                0x00000000100018b0                irq_remove_handler
 .text.irq_add_tail_to_free_list
                0x0000000010001a6c       0xb4 CMakeFiles/hello_world.dir/home/schef/git/pico-sdk/src/rp2_common/hardware_irq/irq.c.obj
                0x0000000010001a6c                irq_add_tail_to_free_list
 .text.irq_init_priorities
                0x0000000010001b20       0x38 CMakeFiles/hello_world.dir/home/schef/git/pico-sdk/src/rp2_common/hardware_irq/irq.c.obj
                0x0000000010001b20                irq_init_priorities
 .text.pll_init
                0x0000000010001b58       0xa0 CMakeFiles/hello_world.dir/home/schef/git/pico-sdk/src/rp2_common/hardware_pll/pll.c.obj
                0x0000000010001b58                pll_init
 .text.watchdog_start_tick
                0x0000000010001bf8       0x10 CMakeFiles/hello_world.dir/home/schef/git/pico-sdk/src/rp2_common/hardware_watchdog/watchdog.c.obj
                0x0000000010001bf8                watchdog_start_tick
 .text.watchdog_reboot
                0x0000000010001c08       0xa0 CMakeFiles/hello_world.dir/home/schef/git/pico-sdk/src/rp2_common/hardware_watchdog/watchdog.c.obj
                0x0000000010001c08                watchdog_reboot
 .text.xosc_init
                0x0000000010001ca8       0x28 CMakeFiles/hello_world.dir/home/schef/git/pico-sdk/src/rp2_common/hardware_xosc/xosc.c.obj
                0x0000000010001ca8                xosc_init
 .text._out_null
                0x0000000010001cd0        0x4 CMakeFiles/hello_world.dir/home/schef/git/pico-sdk/src/rp2_common/pico_printf/printf.c.obj
 .text._out_rev
                0x0000000010001cd4       0x90 CMakeFiles/hello_world.dir/home/schef/git/pico-sdk/src/rp2_common/pico_printf/printf.c.obj
 .text._ntoa_format
                0x0000000010001d64      0x1c0 CMakeFiles/hello_world.dir/home/schef/git/pico-sdk/src/rp2_common/pico_printf/printf.c.obj
 .text._out_char
                0x0000000010001f24       0x10 CMakeFiles/hello_world.dir/home/schef/git/pico-sdk/src/rp2_common/pico_printf/printf.c.obj
 .text._out_fct
                0x0000000010001f34       0x10 CMakeFiles/hello_world.dir/home/schef/git/pico-sdk/src/rp2_common/pico_printf/printf.c.obj
 .text._etoa    0x0000000010001f44      0x454 CMakeFiles/hello_world.dir/home/schef/git/pico-sdk/src/rp2_common/pico_printf/printf.c.obj
 .text._ftoa    0x0000000010002398      0x3d0 CMakeFiles/hello_world.dir/home/schef/git/pico-sdk/src/rp2_common/pico_printf/printf.c.obj
 .text._vsnprintf
                0x0000000010002768      0xb70 CMakeFiles/hello_world.dir/home/schef/git/pico-sdk/src/rp2_common/pico_printf/printf.c.obj
 .text.vfctprintf
                0x00000000100032d8       0x20 CMakeFiles/hello_world.dir/home/schef/git/pico-sdk/src/rp2_common/pico_printf/printf.c.obj
                0x00000000100032d8                vfctprintf
 .text.weak_raw_vprintf
                0x00000000100032f8       0x30 CMakeFiles/hello_world.dir/home/schef/git/pico-sdk/src/rp2_common/pico_printf/printf.c.obj
                0x00000000100032f8                weak_raw_vprintf
 .text          0x0000000010003328       0x10 CMakeFiles/hello_world.dir/home/schef/git/pico-sdk/src/rp2_common/pico_bit_ops/bit_ops_aeabi.S.obj
 .text.rom_func_lookup
                0x0000000010003338       0x10 CMakeFiles/hello_world.dir/home/schef/git/pico-sdk/src/rp2_common/pico_bootrom/bootrom.c.obj
                0x0000000010003338                rom_func_lookup
 .text.rom_data_lookup
                0x0000000010003348       0x10 CMakeFiles/hello_world.dir/home/schef/git/pico-sdk/src/rp2_common/pico_bootrom/bootrom.c.obj
                0x0000000010003348                rom_data_lookup
 .text.rom_funcs_lookup
                0x0000000010003358       0x44 CMakeFiles/hello_world.dir/home/schef/git/pico-sdk/src/rp2_common/pico_bootrom/bootrom.c.obj
                0x0000000010003358                rom_funcs_lookup
 .text.__wrap___aeabi_idiv
                0x000000001000339c       0x50 CMakeFiles/hello_world.dir/home/schef/git/pico-sdk/src/rp2_common/pico_divider/divider.S.obj
                0x000000001000339c                __wrap___aeabi_idivmod
                0x000000001000339c                divmod_s32s32
                0x000000001000339c                div_s32s32
                0x000000001000339c                __wrap___aeabi_idiv
                0x00000000100033a4                divmod_s32s32_unsafe
                0x00000000100033d0                divmod_s32s32_savestate
 .text.__wrap___aeabi_uidiv
                0x00000000100033ec       0x4c CMakeFiles/hello_world.dir/home/schef/git/pico-sdk/src/rp2_common/pico_divider/divider.S.obj
                0x00000000100033ec                __wrap___aeabi_uidiv
                0x00000000100033ec                __wrap___aeabi_uidivmod
                0x00000000100033ec                div_u32u32
                0x00000000100033ec                divmod_u32u32
                0x00000000100033f4                divmod_u32u32_unsafe
                0x000000001000341c                divmod_u32u32_savestate
 .text.__wrap___aeabi_ldiv
                0x0000000010003438      0x430 CMakeFiles/hello_world.dir/home/schef/git/pico-sdk/src/rp2_common/pico_divider/divider.S.obj
                0x0000000010003438                div_s64s64
                0x0000000010003438                divmod_s64s64
                0x0000000010003438                __wrap___aeabi_ldivmod
                0x0000000010003470                div_u64u64
                0x0000000010003470                divmod_u64u64
                0x0000000010003470                __wrap___aeabi_uldivmod
                0x0000000010003480                divmod_u64u64_savestate
                0x00000000100034a8                divmod_s64s64_unsafe
                0x0000000010003530                divmod_u64u64_unsafe
 .text.__wrap___aeabi_darithmetic
                0x0000000010003868       0x80 CMakeFiles/hello_world.dir/home/schef/git/pico-sdk/src/rp2_common/pico_double/double_aeabi.S.obj
                0x0000000010003868                __wrap___aeabi_drsub
                0x000000001000386e                __wrap___aeabi_dsub
                0x0000000010003880                __wrap___aeabi_dadd
                0x0000000010003892                __wrap___aeabi_ddiv
                0x00000000100038ce                __wrap___aeabi_dmul
 .text.__wrap___aeabi_cdcmple
                0x00000000100038e8       0x6c CMakeFiles/hello_world.dir/home/schef/git/pico-sdk/src/rp2_common/pico_double/double_aeabi.S.obj
                0x00000000100038e8                __wrap___aeabi_cdrcmple
                0x00000000100038f8                __wrap___aeabi_cdcmple
                0x00000000100038f8                __wrap___aeabi_cdcmpeq
 .text.__wrap___aeabi_dcmplt
                0x0000000010003954        0xc CMakeFiles/hello_world.dir/home/schef/git/pico-sdk/src/rp2_common/pico_double/double_aeabi.S.obj
                0x0000000010003954                __wrap___aeabi_dcmplt
 .text.__wrap___aeabi_dcmple
                0x0000000010003960       0x10 CMakeFiles/hello_world.dir/home/schef/git/pico-sdk/src/rp2_common/pico_double/double_aeabi.S.obj
                0x0000000010003960                __wrap___aeabi_dcmple
 .text.__wrap___aeabi_dcmpge
                0x0000000010003970       0x10 CMakeFiles/hello_world.dir/home/schef/git/pico-sdk/src/rp2_common/pico_double/double_aeabi.S.obj
                0x0000000010003970                __wrap___aeabi_dcmpge
 .text.__wrap___aeabi_dcmpgt
                0x0000000010003980        0xa CMakeFiles/hello_world.dir/home/schef/git/pico-sdk/src/rp2_common/pico_double/double_aeabi.S.obj
                0x0000000010003980                __wrap___aeabi_dcmpgt
 .text.__wrap___aeabi_dcmpun
                0x000000001000398a       0x1c CMakeFiles/hello_world.dir/home/schef/git/pico-sdk/src/rp2_common/pico_double/double_aeabi.S.obj
                0x000000001000398a                __wrap___aeabi_dcmpun
 *fill*         0x00000000100039a6        0x2 
 .text.__wrap___aeabi_i2d
                0x00000000100039a8       0x38 CMakeFiles/hello_world.dir/home/schef/git/pico-sdk/src/rp2_common/pico_double/double_aeabi.S.obj
                0x00000000100039a8                __wrap___aeabi_ui2d
                0x00000000100039b0                __wrap___aeabi_i2d
 .text.__wrap___aeabi_d2iz
                0x00000000100039e0       0x48 CMakeFiles/hello_world.dir/home/schef/git/pico-sdk/src/rp2_common/pico_double/double_aeabi.S.obj
                0x00000000100039e0                __wrap___aeabi_d2iz
                0x00000000100039e0                double2int_z
 .text.__wrap___aeabi_d2uiz
                0x0000000010003a28       0x18 CMakeFiles/hello_world.dir/home/schef/git/pico-sdk/src/rp2_common/pico_double/double_aeabi.S.obj
                0x0000000010003a28                double2uint
                0x0000000010003a28                __wrap___aeabi_d2uiz
 .text.__aeabi_double_init
                0x0000000010003a40       0x80 CMakeFiles/hello_world.dir/home/schef/git/pico-sdk/src/rp2_common/pico_double/double_init_rom.c.obj
                0x0000000010003a40                __aeabi_double_init
 .text.double_table_shim_on_use_helper
                0x0000000010003ac0       0x2c CMakeFiles/hello_world.dir/home/schef/git/pico-sdk/src/rp2_common/pico_double/double_v1_rom_shim.S.obj
                0x0000000010003ac0                double_table_shim_on_use_helper
 .text.__wrap___aeabi_dsub
                0x0000000010003aec       0x10 CMakeFiles/hello_world.dir/home/schef/git/pico-sdk/src/rp2_common/pico_double/double_v1_rom_shim.S.obj
                0x0000000010003aec                drsub_shim
                0x0000000010003af2                dsub_shim
 .text.dadd_shim
                0x0000000010003afc      0x15c CMakeFiles/hello_world.dir/home/schef/git/pico-sdk/src/rp2_common/pico_double/double_v1_rom_shim.S.obj
                0x0000000010003afc                dadd_shim
 .text.dmul_shim
                0x0000000010003c58      0x15c CMakeFiles/hello_world.dir/home/schef/git/pico-sdk/src/rp2_common/pico_double/double_v1_rom_shim.S.obj
                0x0000000010003c58                dmul_shim
 .text.ddiv_shim
                0x0000000010003db4      0x1b0 CMakeFiles/hello_world.dir/home/schef/git/pico-sdk/src/rp2_common/pico_double/double_v1_rom_shim.S.obj
                0x0000000010003db4                ddiv_shim
 .text.dcordic_rot_step
                0x0000000010003f64       0x7c CMakeFiles/hello_world.dir/home/schef/git/pico-sdk/src/rp2_common/pico_double/double_v1_rom_shim.S.obj
                0x0000000010003f64                dcordic_rot_step
 .text.double2uint_shim
                0x0000000010003fe0        0xe CMakeFiles/hello_world.dir/home/schef/git/pico-sdk/src/rp2_common/pico_double/double_v1_rom_shim.S.obj
                0x0000000010003fe0                double2uint_shim
                0x0000000010003fe2                double2ufix_shim
 *fill*         0x0000000010003fee        0x2 
 .text.double2uint64_shim
                0x0000000010003ff0       0x6c CMakeFiles/hello_world.dir/home/schef/git/pico-sdk/src/rp2_common/pico_double/double_v1_rom_shim.S.obj
                0x0000000010003ff0                double2uint64_shim
                0x0000000010003ff2                double2ufix64_shim
                0x000000001000400c                d2fix_a
 .text.dunpacks
                0x000000001000405c       0x3c CMakeFiles/hello_world.dir/home/schef/git/pico-sdk/src/rp2_common/pico_double/double_v1_rom_shim.S.obj
                0x000000001000405c                dunpacks
 .text.__aeabi_lmul
                0x0000000010004098       0x32 CMakeFiles/hello_world.dir/home/schef/git/pico-sdk/src/rp2_common/pico_int64_ops/pico_int64_ops_aeabi.S.obj
                0x0000000010004098                __wrap___aeabi_lmul
 *fill*         0x00000000100040ca        0x2 
 .text.__wrap___aeabi_farithmetic
                0x00000000100040cc       0x48 CMakeFiles/hello_world.dir/home/schef/git/pico-sdk/src/rp2_common/pico_float/float_aeabi.S.obj
                0x00000000100040cc                __wrap___aeabi_frsub
                0x00000000100040d2                __wrap___aeabi_fsub
                0x00000000100040d8                __wrap___aeabi_fadd
                0x00000000100040de                __wrap___aeabi_fdiv
                0x0000000010004106                __wrap___aeabi_fmul
 .text.__wrap___aeabi_i2f
                0x0000000010004114       0x44 CMakeFiles/hello_world.dir/home/schef/git/pico-sdk/src/rp2_common/pico_float/float_aeabi.S.obj
                0x0000000010004114                __wrap___aeabi_i2f
 .text.__wrap___aeabi_f2d
                0x0000000010004158       0x14 CMakeFiles/hello_world.dir/home/schef/git/pico-sdk/src/rp2_common/pico_float/float_aeabi.S.obj
                0x0000000010004158                __wrap___aeabi_f2d
 .text.__aeabi_float_init
                0x000000001000416c       0x64 CMakeFiles/hello_world.dir/home/schef/git/pico-sdk/src/rp2_common/pico_float/float_init_rom.c.obj
                0x000000001000416c                __aeabi_float_init
 .text.float_table_shim_on_use_helper
                0x00000000100041d0       0x2c CMakeFiles/hello_world.dir/home/schef/git/pico-sdk/src/rp2_common/pico_float/float_v1_rom_shim.S.obj
                0x00000000100041d0                float_table_shim_on_use_helper
 .text.float2double_shim
                0x00000000100041fc       0x30 CMakeFiles/hello_world.dir/home/schef/git/pico-sdk/src/rp2_common/pico_float/float_v1_rom_shim.S.obj
                0x00000000100041fc                float2double_shim
 .text          0x000000001000422c       0x10 CMakeFiles/hello_world.dir/home/schef/git/pico-sdk/src/rp2_common/pico_mem_ops/mem_ops_aeabi.S.obj
                0x000000001000422c                __aeabi_mem_init
 .text.memset   0x000000001000423c        0xc CMakeFiles/hello_world.dir/home/schef/git/pico-sdk/src/rp2_common/pico_mem_ops/mem_ops_aeabi.S.obj
                0x000000001000423c                __wrap_memset
 .text.memcpy   0x0000000010004248        0xc CMakeFiles/hello_world.dir/home/schef/git/pico-sdk/src/rp2_common/pico_mem_ops/mem_ops_aeabi.S.obj
                0x0000000010004248                __wrap___aeabi_memcpy
                0x0000000010004248                __wrap_memcpy
 .text.stdio_out_chars_crlf.part.0
                0x0000000010004254       0x98 CMakeFiles/hello_world.dir/home/schef/git/pico-sdk/src/rp2_common/pico_stdio/stdio.c.obj
 .text.stdio_buffered_printer
                0x00000000100042ec       0x78 CMakeFiles/hello_world.dir/home/schef/git/pico-sdk/src/rp2_common/pico_stdio/stdio.c.obj
 .text.__wrap_putchar
                0x0000000010004364       0xb0 CMakeFiles/hello_world.dir/home/schef/git/pico-sdk/src/rp2_common/pico_stdio/stdio.c.obj
                0x0000000010004364                __wrap_putchar
 .text.__wrap_puts
                0x0000000010004414      0x138 CMakeFiles/hello_world.dir/home/schef/git/pico-sdk/src/rp2_common/pico_stdio/stdio.c.obj
                0x0000000010004414                __wrap_puts
 .text.stdio_set_driver_enabled
                0x000000001000454c       0x3c CMakeFiles/hello_world.dir/home/schef/git/pico-sdk/src/rp2_common/pico_stdio/stdio.c.obj
                0x000000001000454c                stdio_set_driver_enabled
 .text.__wrap_vprintf
                0x0000000010004588       0xec CMakeFiles/hello_world.dir/home/schef/git/pico-sdk/src/rp2_common/pico_stdio/stdio.c.obj
                0x0000000010004588                __wrap_vprintf
 .text.__wrap_printf
                0x0000000010004674       0x18 CMakeFiles/hello_world.dir/home/schef/git/pico-sdk/src/rp2_common/pico_stdio/stdio.c.obj
                0x0000000010004674                __wrap_printf
 .text.stdio_init_all
                0x000000001000468c        0x8 CMakeFiles/hello_world.dir/home/schef/git/pico-sdk/src/rp2_common/pico_stdio/stdio.c.obj
                0x000000001000468c                stdio_init_all
 .text.resetd_init
                0x0000000010004694        0x4 CMakeFiles/hello_world.dir/home/schef/git/pico-sdk/src/rp2_common/pico_stdio_usb/reset_interface.c.obj
 .text.resetd_reset
                0x0000000010004698        0xc CMakeFiles/hello_world.dir/home/schef/git/pico-sdk/src/rp2_common/pico_stdio_usb/reset_interface.c.obj
 .text.resetd_open
                0x00000000100046a4       0x28 CMakeFiles/hello_world.dir/home/schef/git/pico-sdk/src/rp2_common/pico_stdio_usb/reset_interface.c.obj
 .text.resetd_xfer_cb
                0x00000000100046cc        0x4 CMakeFiles/hello_world.dir/home/schef/git/pico-sdk/src/rp2_common/pico_stdio_usb/reset_interface.c.obj
 .text.resetd_control_xfer_cb
                0x00000000100046d0       0x64 CMakeFiles/hello_world.dir/home/schef/git/pico-sdk/src/rp2_common/pico_stdio_usb/reset_interface.c.obj
 .text.usbd_app_driver_get_cb
                0x0000000010004734        0xc CMakeFiles/hello_world.dir/home/schef/git/pico-sdk/src/rp2_common/pico_stdio_usb/reset_interface.c.obj
                0x0000000010004734                usbd_app_driver_get_cb
 .text.tud_cdc_line_coding_cb
                0x0000000010004740       0x34 CMakeFiles/hello_world.dir/home/schef/git/pico-sdk/src/rp2_common/pico_stdio_usb/reset_interface.c.obj
                0x0000000010004740                tud_cdc_line_coding_cb
 .text.stdio_usb_in_chars
                0x0000000010004774       0x68 CMakeFiles/hello_world.dir/home/schef/git/pico-sdk/src/rp2_common/pico_stdio_usb/stdio_usb.c.obj
                0x0000000010004774                stdio_usb_in_chars
 .text.stdio_usb_out_chars
                0x00000000100047dc       0xe8 CMakeFiles/hello_world.dir/home/schef/git/pico-sdk/src/rp2_common/pico_stdio_usb/stdio_usb.c.obj
 .text.timer_task
                0x00000000100048c4       0x10 CMakeFiles/hello_world.dir/home/schef/git/pico-sdk/src/rp2_common/pico_stdio_usb/stdio_usb.c.obj
 .text.low_priority_worker_irq
                0x00000000100048d4       0x24 CMakeFiles/hello_world.dir/home/schef/git/pico-sdk/src/rp2_common/pico_stdio_usb/stdio_usb.c.obj
 .text.stdio_usb_init
                0x00000000100048f8       0x90 CMakeFiles/hello_world.dir/home/schef/git/pico-sdk/src/rp2_common/pico_stdio_usb/stdio_usb.c.obj
                0x00000000100048f8                stdio_usb_init
 .text.tud_descriptor_device_cb
                0x0000000010004988        0x8 CMakeFiles/hello_world.dir/home/schef/git/pico-sdk/src/rp2_common/pico_stdio_usb/stdio_usb_descriptors.c.obj
                0x0000000010004988                tud_descriptor_device_cb
 .text.tud_descriptor_configuration_cb
                0x0000000010004990        0x8 CMakeFiles/hello_world.dir/home/schef/git/pico-sdk/src/rp2_common/pico_stdio_usb/stdio_usb_descriptors.c.obj
                0x0000000010004990                tud_descriptor_configuration_cb
 .text.tud_descriptor_string_cb
                0x0000000010004998       0x70 CMakeFiles/hello_world.dir/home/schef/git/pico-sdk/src/rp2_common/pico_stdio_usb/stdio_usb_descriptors.c.obj
                0x0000000010004998                tud_descriptor_string_cb
 .text.dcd_rp2040_irq
                0x0000000010004a08      0x148 CMakeFiles/hello_world.dir/home/schef/git/pico-sdk/lib/tinyusb/src/portable/raspberrypi/rp2040/dcd_rp2040.c.obj
 .text.dcd_int_enable
                0x0000000010004b50        0xc CMakeFiles/hello_world.dir/home/schef/git/pico-sdk/lib/tinyusb/src/portable/raspberrypi/rp2040/dcd_rp2040.c.obj
                0x0000000010004b50                dcd_int_enable
 .text.dcd_set_address
                0x0000000010004b5c       0x28 CMakeFiles/hello_world.dir/home/schef/git/pico-sdk/lib/tinyusb/src/portable/raspberrypi/rp2040/dcd_rp2040.c.obj
                0x0000000010004b5c                dcd_set_address
 .text.dcd_connect
                0x0000000010004b84       0x10 CMakeFiles/hello_world.dir/home/schef/git/pico-sdk/lib/tinyusb/src/portable/raspberrypi/rp2040/dcd_rp2040.c.obj
                0x0000000010004b84                dcd_connect
 .text.dcd_init
                0x0000000010004b94       0x98 CMakeFiles/hello_world.dir/home/schef/git/pico-sdk/lib/tinyusb/src/portable/raspberrypi/rp2040/dcd_rp2040.c.obj
                0x0000000010004b94                dcd_init
 .text.dcd_edpt0_status_complete
                0x0000000010004c2c       0x30 CMakeFiles/hello_world.dir/home/schef/git/pico-sdk/lib/tinyusb/src/portable/raspberrypi/rp2040/dcd_rp2040.c.obj
                0x0000000010004c2c                dcd_edpt0_status_complete
 .text.dcd_edpt_open
                0x0000000010004c5c      0x134 CMakeFiles/hello_world.dir/home/schef/git/pico-sdk/lib/tinyusb/src/portable/raspberrypi/rp2040/dcd_rp2040.c.obj
                0x0000000010004c5c                dcd_edpt_open
 .text.dcd_edpt_xfer
                0x0000000010004d90       0x28 CMakeFiles/hello_world.dir/home/schef/git/pico-sdk/lib/tinyusb/src/portable/raspberrypi/rp2040/dcd_rp2040.c.obj
                0x0000000010004d90                dcd_edpt_xfer
 .text.dcd_edpt_stall
                0x0000000010004db8       0x48 CMakeFiles/hello_world.dir/home/schef/git/pico-sdk/lib/tinyusb/src/portable/raspberrypi/rp2040/dcd_rp2040.c.obj
                0x0000000010004db8                dcd_edpt_stall
 .text.dcd_edpt_clear_stall
                0x0000000010004e00       0x44 CMakeFiles/hello_world.dir/home/schef/git/pico-sdk/lib/tinyusb/src/portable/raspberrypi/rp2040/dcd_rp2040.c.obj
                0x0000000010004e00                dcd_edpt_clear_stall
 .text._hw_endpoint_buffer_control_update32.part.0.isra.0
                0x0000000010004e44       0x1c CMakeFiles/hello_world.dir/home/schef/git/pico-sdk/lib/tinyusb/src/portable/raspberrypi/rp2040/rp2040_usb.c.obj
 .text.rp2040_usb_init
                0x0000000010004e60       0x50 CMakeFiles/hello_world.dir/home/schef/git/pico-sdk/lib/tinyusb/src/portable/raspberrypi/rp2040/rp2040_usb.c.obj
                0x0000000010004e60                rp2040_usb_init
 .text.hw_endpoint_reset_transfer
                0x0000000010004eb0        0xc CMakeFiles/hello_world.dir/home/schef/git/pico-sdk/lib/tinyusb/src/portable/raspberrypi/rp2040/rp2040_usb.c.obj
                0x0000000010004eb0                hw_endpoint_reset_transfer
 .text._hw_endpoint_buffer_control_update32
                0x0000000010004ebc       0x44 CMakeFiles/hello_world.dir/home/schef/git/pico-sdk/lib/tinyusb/src/portable/raspberrypi/rp2040/rp2040_usb.c.obj
                0x0000000010004ebc                _hw_endpoint_buffer_control_update32
 .text._hw_endpoint_xfer_continue
                0x0000000010004f00      0x100 CMakeFiles/hello_world.dir/home/schef/git/pico-sdk/lib/tinyusb/src/portable/raspberrypi/rp2040/rp2040_usb.c.obj
                0x0000000010004f00                _hw_endpoint_xfer_continue
 .text._hw_endpoint_xfer
                0x0000000010005000       0xac CMakeFiles/hello_world.dir/home/schef/git/pico-sdk/lib/tinyusb/src/portable/raspberrypi/rp2040/rp2040_usb.c.obj
                0x0000000010005000                _hw_endpoint_xfer
 .text.tud_mounted
                0x00000000100050ac       0x10 CMakeFiles/hello_world.dir/home/schef/git/pico-sdk/lib/tinyusb/src/device/usbd.c.obj
                0x00000000100050ac                tud_mounted
 .text.tud_suspended
                0x00000000100050bc       0x10 CMakeFiles/hello_world.dir/home/schef/git/pico-sdk/lib/tinyusb/src/device/usbd.c.obj
                0x00000000100050bc                tud_suspended
 .text.tud_inited
                0x00000000100050cc        0xc CMakeFiles/hello_world.dir/home/schef/git/pico-sdk/lib/tinyusb/src/device/usbd.c.obj
                0x00000000100050cc                tud_inited
 .text.tud_init
                0x00000000100050d8       0xd8 CMakeFiles/hello_world.dir/home/schef/git/pico-sdk/lib/tinyusb/src/device/usbd.c.obj
                0x00000000100050d8                tud_init
 .text.tud_task
                0x00000000100051b0      0x830 CMakeFiles/hello_world.dir/home/schef/git/pico-sdk/lib/tinyusb/src/device/usbd.c.obj
                0x00000000100051b0                tud_task
 .text.dcd_event_bus_signal
                0x00000000100059e0       0xe8 CMakeFiles/hello_world.dir/home/schef/git/pico-sdk/lib/tinyusb/src/device/usbd.c.obj
                0x00000000100059e0                dcd_event_bus_signal
 .text.dcd_event_bus_reset
                0x0000000010005ac8       0x54 CMakeFiles/hello_world.dir/home/schef/git/pico-sdk/lib/tinyusb/src/device/usbd.c.obj
                0x0000000010005ac8                dcd_event_bus_reset
 .text.dcd_event_setup_received
                0x0000000010005b1c       0x50 CMakeFiles/hello_world.dir/home/schef/git/pico-sdk/lib/tinyusb/src/device/usbd.c.obj
                0x0000000010005b1c                dcd_event_setup_received
 .text.dcd_event_xfer_complete
                0x0000000010005b6c       0x68 CMakeFiles/hello_world.dir/home/schef/git/pico-sdk/lib/tinyusb/src/device/usbd.c.obj
                0x0000000010005b6c                dcd_event_xfer_complete
 .text.usbd_open_edpt_pair
                0x0000000010005bd4       0xcc CMakeFiles/hello_world.dir/home/schef/git/pico-sdk/lib/tinyusb/src/device/usbd.c.obj
                0x0000000010005bd4                usbd_open_edpt_pair
 .text.usbd_edpt_open
                0x0000000010005ca0       0xa0 CMakeFiles/hello_world.dir/home/schef/git/pico-sdk/lib/tinyusb/src/device/usbd.c.obj
                0x0000000010005ca0                usbd_edpt_open
 .text.usbd_edpt_claim
                0x0000000010005d40       0x64 CMakeFiles/hello_world.dir/home/schef/git/pico-sdk/lib/tinyusb/src/device/usbd.c.obj
                0x0000000010005d40                usbd_edpt_claim
 .text.usbd_edpt_release
                0x0000000010005da4       0x4c CMakeFiles/hello_world.dir/home/schef/git/pico-sdk/lib/tinyusb/src/device/usbd.c.obj
                0x0000000010005da4                usbd_edpt_release
 .text.usbd_edpt_xfer
                0x0000000010005df0       0x48 CMakeFiles/hello_world.dir/home/schef/git/pico-sdk/lib/tinyusb/src/device/usbd.c.obj
                0x0000000010005df0                usbd_edpt_xfer
 .text.tud_control_status
                0x0000000010005e38       0x2c CMakeFiles/hello_world.dir/home/schef/git/pico-sdk/lib/tinyusb/src/device/usbd_control.c.obj
                0x0000000010005e38                tud_control_status
 .text.tud_control_xfer
                0x0000000010005e64       0xac CMakeFiles/hello_world.dir/home/schef/git/pico-sdk/lib/tinyusb/src/device/usbd_control.c.obj
                0x0000000010005e64                tud_control_xfer
 .text.usbd_control_reset
                0x0000000010005f10       0x14 CMakeFiles/hello_world.dir/home/schef/git/pico-sdk/lib/tinyusb/src/device/usbd_control.c.obj
                0x0000000010005f10                usbd_control_reset
 .text.usbd_control_set_complete_callback
                0x0000000010005f24        0xc CMakeFiles/hello_world.dir/home/schef/git/pico-sdk/lib/tinyusb/src/device/usbd_control.c.obj
                0x0000000010005f24                usbd_control_set_complete_callback
 .text.usbd_control_set_request
                0x0000000010005f30       0x1c CMakeFiles/hello_world.dir/home/schef/git/pico-sdk/lib/tinyusb/src/device/usbd_control.c.obj
                0x0000000010005f30                usbd_control_set_request
 .text.usbd_control_xfer_cb
                0x0000000010005f4c       0xf4 CMakeFiles/hello_world.dir/home/schef/git/pico-sdk/lib/tinyusb/src/device/usbd_control.c.obj
                0x0000000010005f4c                usbd_control_xfer_cb
 .text.tud_cdc_n_connected
                0x0000000010006040       0x30 CMakeFiles/hello_world.dir/home/schef/git/pico-sdk/lib/tinyusb/src/class/cdc/cdc_device.c.obj
                0x0000000010006040                tud_cdc_n_connected
 .text.tud_cdc_n_available
                0x0000000010006070       0x18 CMakeFiles/hello_world.dir/home/schef/git/pico-sdk/lib/tinyusb/src/class/cdc/cdc_device.c.obj
                0x0000000010006070                tud_cdc_n_available
 .text.tud_cdc_n_read
                0x0000000010006088       0x70 CMakeFiles/hello_world.dir/home/schef/git/pico-sdk/lib/tinyusb/src/class/cdc/cdc_device.c.obj
                0x0000000010006088                tud_cdc_n_read
 .text.tud_cdc_n_write_flush
                0x00000000100060f8       0x78 CMakeFiles/hello_world.dir/home/schef/git/pico-sdk/lib/tinyusb/src/class/cdc/cdc_device.c.obj
                0x00000000100060f8                tud_cdc_n_write_flush
 .text.tud_cdc_n_write
                0x0000000010006170       0x34 CMakeFiles/hello_world.dir/home/schef/git/pico-sdk/lib/tinyusb/src/class/cdc/cdc_device.c.obj
                0x0000000010006170                tud_cdc_n_write
 .text.tud_cdc_n_write_available
                0x00000000100061a4       0x18 CMakeFiles/hello_world.dir/home/schef/git/pico-sdk/lib/tinyusb/src/class/cdc/cdc_device.c.obj
                0x00000000100061a4                tud_cdc_n_write_available
 .text.cdcd_init
                0x00000000100061bc       0x7c CMakeFiles/hello_world.dir/home/schef/git/pico-sdk/lib/tinyusb/src/class/cdc/cdc_device.c.obj
                0x00000000100061bc                cdcd_init
 .text.cdcd_reset
                0x0000000010006238       0x2c CMakeFiles/hello_world.dir/home/schef/git/pico-sdk/lib/tinyusb/src/class/cdc/cdc_device.c.obj
                0x0000000010006238                cdcd_reset
 .text.cdcd_open
                0x0000000010006264       0xec CMakeFiles/hello_world.dir/home/schef/git/pico-sdk/lib/tinyusb/src/class/cdc/cdc_device.c.obj
                0x0000000010006264                cdcd_open
 .text.cdcd_control_xfer_cb
                0x0000000010006350       0xe0 CMakeFiles/hello_world.dir/home/schef/git/pico-sdk/lib/tinyusb/src/class/cdc/cdc_device.c.obj
                0x0000000010006350                cdcd_control_xfer_cb
 .text.cdcd_xfer_cb
                0x0000000010006430      0x148 CMakeFiles/hello_world.dir/home/schef/git/pico-sdk/lib/tinyusb/src/class/cdc/cdc_device.c.obj
                0x0000000010006430                cdcd_xfer_cb
 .text.tusb_init
                0x0000000010006578        0xc CMakeFiles/hello_world.dir/home/schef/git/pico-sdk/lib/tinyusb/src/tusb.c.obj
                0x0000000010006578                tusb_init
 .text.tusb_inited
                0x0000000010006584        0x8 CMakeFiles/hello_world.dir/home/schef/git/pico-sdk/lib/tinyusb/src/tusb.c.obj
                0x0000000010006584                tusb_inited
 .text.tu_fifo_config
                0x000000001000658c       0x78 CMakeFiles/hello_world.dir/home/schef/git/pico-sdk/lib/tinyusb/src/common/tusb_fifo.c.obj
                0x000000001000658c                tu_fifo_config
 .text.tu_fifo_count
                0x0000000010006604       0x20 CMakeFiles/hello_world.dir/home/schef/git/pico-sdk/lib/tinyusb/src/common/tusb_fifo.c.obj
                0x0000000010006604                tu_fifo_count
 .text.tu_fifo_empty
                0x0000000010006624       0x10 CMakeFiles/hello_world.dir/home/schef/git/pico-sdk/lib/tinyusb/src/common/tusb_fifo.c.obj
                0x0000000010006624                tu_fifo_empty
 .text.tu_fifo_remaining
                0x0000000010006634       0x1c CMakeFiles/hello_world.dir/home/schef/git/pico-sdk/lib/tinyusb/src/common/tusb_fifo.c.obj
                0x0000000010006634                tu_fifo_remaining
 .text.tu_fifo_read
                0x0000000010006650       0x9c CMakeFiles/hello_world.dir/home/schef/git/pico-sdk/lib/tinyusb/src/common/tusb_fifo.c.obj
                0x0000000010006650                tu_fifo_read
 .text.tu_fifo_read_n
                0x00000000100066ec       0xfc CMakeFiles/hello_world.dir/home/schef/git/pico-sdk/lib/tinyusb/src/common/tusb_fifo.c.obj
                0x00000000100066ec                tu_fifo_read_n
 .text.tu_fifo_write
                0x00000000100067e8       0x78 CMakeFiles/hello_world.dir/home/schef/git/pico-sdk/lib/tinyusb/src/common/tusb_fifo.c.obj
                0x00000000100067e8                tu_fifo_write
 .text.tu_fifo_write_n
                0x0000000010006860      0x10c CMakeFiles/hello_world.dir/home/schef/git/pico-sdk/lib/tinyusb/src/common/tusb_fifo.c.obj
                0x0000000010006860                tu_fifo_write_n
 .text.tu_fifo_clear
                0x000000001000696c       0x4c CMakeFiles/hello_world.dir/home/schef/git/pico-sdk/lib/tinyusb/src/common/tusb_fifo.c.obj
                0x000000001000696c                tu_fifo_clear
 .text.tu_fifo_set_overwritable
                0x00000000100069b8       0x3c CMakeFiles/hello_world.dir/home/schef/git/pico-sdk/lib/tinyusb/src/common/tusb_fifo.c.obj
                0x00000000100069b8                tu_fifo_set_overwritable
 .text.startup._retrieve_unique_id_on_boot
                0x00000000100069f4       0x10 CMakeFiles/hello_world.dir/home/schef/git/pico-sdk/src/rp2_common/pico_unique_id/unique_id.c.obj
 .text.pico_get_unique_board_id_string
                0x0000000010006a04      0x1a8 CMakeFiles/hello_world.dir/home/schef/git/pico-sdk/src/rp2_common/pico_unique_id/unique_id.c.obj
                0x0000000010006a04                pico_get_unique_board_id_string
 .text.flash_get_unique_id
                0x0000000010006bac       0x40 CMakeFiles/hello_world.dir/home/schef/git/pico-sdk/src/rp2_common/hardware_flash/flash.c.obj
                0x0000000010006bac                flash_get_unique_id
 .text.adc_init
                0x0000000010006bec       0x38 CMakeFiles/hello_world.dir/home/schef/git/pico-sdk/src/rp2_common/hardware_adc/adc.c.obj
                0x0000000010006bec                adc_init
 .text.atexit   0x0000000010006c24       0x10 /usr/lib/gcc/arm-none-eabi/11.1.0/../../../../arm-none-eabi/lib/thumb/v6-m/nofp/libc.a(lib_a-atexit.o)
                0x0000000010006c24                atexit
 .text.__libc_fini_array
                0x0000000010006c34       0x28 /usr/lib/gcc/arm-none-eabi/11.1.0/../../../../arm-none-eabi/lib/thumb/v6-m/nofp/libc.a(lib_a-fini.o)
                0x0000000010006c34                __libc_fini_array
 .text.strlen   0x0000000010006c5c       0x5c /usr/lib/gcc/arm-none-eabi/11.1.0/../../../../arm-none-eabi/lib/thumb/v6-m/nofp/libc.a(lib_a-strlen-stub.o)
                0x0000000010006c5c                strlen
 .text.__register_exitproc
                0x0000000010006cb8       0xb0 /usr/lib/gcc/arm-none-eabi/11.1.0/../../../../arm-none-eabi/lib/thumb/v6-m/nofp/libc.a(lib_a-__atexit.o)
                0x0000000010006cb8                __register_exitproc
 .text.startup.register_fini
                0x0000000010006d68       0x18 /usr/lib/gcc/arm-none-eabi/11.1.0/../../../../arm-none-eabi/lib/thumb/v6-m/nofp/libc.a(lib_a-__call_atexit.o)
 .text.__retarget_lock_acquire_recursive
                0x0000000010006d80        0x4 /usr/lib/gcc/arm-none-eabi/11.1.0/../../../../arm-none-eabi/lib/thumb/v6-m/nofp/libc.a(lib_a-lock.o)
                0x0000000010006d80                __retarget_lock_acquire_recursive
 .text.__retarget_lock_release_recursive
                0x0000000010006d84        0x4 /usr/lib/gcc/arm-none-eabi/11.1.0/../../../../arm-none-eabi/lib/thumb/v6-m/nofp/libc.a(lib_a-lock.o)
                0x0000000010006d84                __retarget_lock_release_recursive
 *(.fini)
 .fini          0x0000000010006d88        0x4 /usr/lib/gcc/arm-none-eabi/11.1.0/thumb/v6-m/nofp/crti.o
                0x0000000010006d88                _fini
 *fill*         0x0000000010006d8c        0x4 
 .fini.__stub   0x0000000010006d90       0x70 linker stubs
 *crtbegin.o(.ctors)
 *crtbegin?.o(.ctors)
 *(EXCLUDE_FILE(*crtend.o *crtend?.o) .ctors)
 *(SORT_BY_NAME(.ctors.*))
 *(.ctors)
 *crtbegin.o(.dtors)
 *crtbegin?.o(.dtors)
 *(EXCLUDE_FILE(*crtend.o *crtend?.o) .dtors)
 *(SORT_BY_NAME(.dtors.*))
 *(.dtors)
 *(.eh_frame*)
 .eh_frame      0x0000000010006e00        0x0 /usr/lib/gcc/arm-none-eabi/11.1.0/thumb/v6-m/nofp/crtbegin.o
                0x0000000010006e00                . = ALIGN (0x4)

.glue_7         0x0000000010006e00        0x0
 .glue_7        0x0000000010006e00        0x0 linker stubs

.glue_7t        0x0000000010006e00        0x0
 .glue_7t       0x0000000010006e00        0x0 linker stubs

.vfp11_veneer   0x0000000010006e00        0x0
 .vfp11_veneer  0x0000000010006e00        0x0 linker stubs

.v4_bx          0x0000000010006e00        0x0
 .v4_bx         0x0000000010006e00        0x0 linker stubs

.iplt           0x0000000010006e00        0x0
 .iplt          0x0000000010006e00        0x0 /usr/lib/gcc/arm-none-eabi/11.1.0/thumb/v6-m/nofp/crtbegin.o

.rodata         0x0000000010006e00      0x548
 *(EXCLUDE_FILE(*libm.a: *libc.a:*lib_a-mem*.o *libgcc.a:) .rodata*)
 .rodata.main.str1.4
                0x0000000010006e00       0x3c CMakeFiles/hello_world.dir/hello_world.c.obj
 .rodata.spin_lock_claim_unused.str1.4
                0x0000000010006e3c       0x1b CMakeFiles/hello_world.dir/home/schef/git/pico-sdk/src/rp2_common/hardware_sync/sync.c.obj
 *fill*         0x0000000010006e57        0x1 
 .rodata.hardware_alarm_claim.str1.4
                0x0000000010006e58       0x22 CMakeFiles/hello_world.dir/home/schef/git/pico-sdk/src/rp2_common/hardware_timer/timer.c.obj
 *fill*         0x0000000010006e7a        0x2 
 .rodata.panic.str1.4
                0x0000000010006e7c       0x12 CMakeFiles/hello_world.dir/home/schef/git/pico-sdk/src/rp2_common/pico_runtime/runtime.c.obj
 *fill*         0x0000000010006e8e        0x2 
 .rodata.hard_assertion_failure.str1.4
                0x0000000010006e90        0xc CMakeFiles/hello_world.dir/home/schef/git/pico-sdk/src/rp2_common/pico_runtime/runtime.c.obj
 .rodata._ftoa.str1.4
                0x0000000010006e9c       0x15 CMakeFiles/hello_world.dir/home/schef/git/pico-sdk/src/rp2_common/pico_printf/printf.c.obj
 *fill*         0x0000000010006eb1        0x3 
 .rodata._vsnprintf
                0x0000000010006eb4      0x19c CMakeFiles/hello_world.dir/home/schef/git/pico-sdk/src/rp2_common/pico_printf/printf.c.obj
 .rodata.pow10.0
                0x0000000010007050       0x50 CMakeFiles/hello_world.dir/home/schef/git/pico-sdk/src/rp2_common/pico_printf/printf.c.obj
 .rodata.str1.4
                0x00000000100070a0       0x40 CMakeFiles/hello_world.dir/home/schef/git/pico-sdk/src/rp2_common/pico_standard_link/binary_info.c.obj
 .rodata.__bi_44
                0x00000000100070e0        0xc CMakeFiles/hello_world.dir/home/schef/git/pico-sdk/src/rp2_common/pico_standard_link/binary_info.c.obj
 .rodata.__bi_75
                0x00000000100070ec        0xc CMakeFiles/hello_world.dir/home/schef/git/pico-sdk/src/rp2_common/pico_standard_link/binary_info.c.obj
 .rodata.__bi_81
                0x00000000100070f8        0xc CMakeFiles/hello_world.dir/home/schef/git/pico-sdk/src/rp2_common/pico_standard_link/binary_info.c.obj
 .rodata.crlf_str.0
                0x0000000010007104        0x2 CMakeFiles/hello_world.dir/home/schef/git/pico-sdk/src/rp2_common/pico_stdio/stdio.c.obj
 *fill*         0x0000000010007106        0x2 
 .rodata._resetd_driver
                0x0000000010007108       0x18 CMakeFiles/hello_world.dir/home/schef/git/pico-sdk/src/rp2_common/pico_stdio_usb/reset_interface.c.obj
 .rodata.str1.4
                0x0000000010007120       0x13 CMakeFiles/hello_world.dir/home/schef/git/pico-sdk/src/rp2_common/pico_stdio_usb/stdio_usb.c.obj
 *fill*         0x0000000010007133        0x1 
 .rodata.__bi_93.0
                0x0000000010007134        0xc CMakeFiles/hello_world.dir/home/schef/git/pico-sdk/src/rp2_common/pico_stdio_usb/stdio_usb.c.obj
 .rodata.str1.4
                0x0000000010007140       0x2a CMakeFiles/hello_world.dir/home/schef/git/pico-sdk/src/rp2_common/pico_stdio_usb/stdio_usb_descriptors.c.obj
 *fill*         0x000000001000716a        0x2 
 .rodata.usbd_desc_cfg
                0x000000001000716c       0x54 CMakeFiles/hello_world.dir/home/schef/git/pico-sdk/src/rp2_common/pico_stdio_usb/stdio_usb_descriptors.c.obj
 .rodata.usbd_desc_device
                0x00000000100071c0       0x12 CMakeFiles/hello_world.dir/home/schef/git/pico-sdk/src/rp2_common/pico_stdio_usb/stdio_usb_descriptors.c.obj
 *fill*         0x00000000100071d2        0x2 
 .rodata.usbd_desc_str
                0x00000000100071d4       0x18 CMakeFiles/hello_world.dir/home/schef/git/pico-sdk/src/rp2_common/pico_stdio_usb/stdio_usb_descriptors.c.obj
 .rodata.dcd_rp2040_irq.str1.4
                0x00000000100071ec       0x14 CMakeFiles/hello_world.dir/home/schef/git/pico-sdk/lib/tinyusb/src/portable/raspberrypi/rp2040/dcd_rp2040.c.obj
 .rodata.dcd_edpt_open.str1.4
                0x0000000010007200       0x28 CMakeFiles/hello_world.dir/home/schef/git/pico-sdk/lib/tinyusb/src/portable/raspberrypi/rp2040/dcd_rp2040.c.obj
 .rodata._hw_endpoint_buffer_control_update32.part.0.isra.0.str1.4
                0x0000000010007228       0x1f CMakeFiles/hello_world.dir/home/schef/git/pico-sdk/lib/tinyusb/src/portable/raspberrypi/rp2040/rp2040_usb.c.obj
 *fill*         0x0000000010007247        0x1 
 .rodata._hw_endpoint_xfer_continue.str1.4
                0x0000000010007248       0x50 CMakeFiles/hello_world.dir/home/schef/git/pico-sdk/lib/tinyusb/src/portable/raspberrypi/rp2040/rp2040_usb.c.obj
 .rodata.str1.4
                0x0000000010007298        0x7 CMakeFiles/hello_world.dir/home/schef/git/pico-sdk/lib/tinyusb/src/portable/raspberrypi/rp2040/rp2040_usb.c.obj
 *fill*         0x000000001000729f        0x1 
 .rodata.tud_task
                0x00000000100072a0       0x8c CMakeFiles/hello_world.dir/home/schef/git/pico-sdk/lib/tinyusb/src/device/usbd.c.obj
 .rodata._usbd_driver
                0x000000001000732c       0x18 CMakeFiles/hello_world.dir/home/schef/git/pico-sdk/lib/tinyusb/src/device/usbd.c.obj
 .rodata._global_impure_ptr
                0x0000000010007344        0x4 /usr/lib/gcc/arm-none-eabi/11.1.0/../../../../arm-none-eabi/lib/thumb/v6-m/nofp/libc.a(lib_a-impure.o)
                0x0000000010007344                _global_impure_ptr
                0x0000000010007348                . = ALIGN (0x4)
 *(SORT_BY_ALIGNMENT(SORT_BY_NAME(.flashdata*)))
                0x0000000010007348                . = ALIGN (0x4)

.rel.dyn        0x0000000010007348        0x0
 .rel.iplt      0x0000000010007348        0x0 /usr/lib/gcc/arm-none-eabi/11.1.0/thumb/v6-m/nofp/crtbegin.o

.ARM.extab
 *(.ARM.extab* .gnu.linkonce.armextab.*)
                0x0000000010007348                __exidx_start = .

.ARM.exidx
 *(.ARM.exidx* .gnu.linkonce.armexidx.*)
                0x0000000010007348                __exidx_end = .
                0x0000000010007348                . = ALIGN (0x4)
                0x0000000010007348                __binary_info_start = .

.binary_info    0x0000000010007348       0x20
 *(.binary_info.keep.*)
 .binary_info.keep.__bi_ptr22
                0x0000000010007348        0x4 CMakeFiles/hello_world.dir/home/schef/git/pico-sdk/src/rp2_common/pico_standard_link/binary_info.c.obj
 .binary_info.keep.__bi_ptr30
                0x000000001000734c        0x4 CMakeFiles/hello_world.dir/home/schef/git/pico-sdk/src/rp2_common/pico_standard_link/binary_info.c.obj
 .binary_info.keep.__bi_ptr38
                0x0000000010007350        0x4 CMakeFiles/hello_world.dir/home/schef/git/pico-sdk/src/rp2_common/pico_standard_link/binary_info.c.obj
 .binary_info.keep.__bi_ptr44
                0x0000000010007354        0x4 CMakeFiles/hello_world.dir/home/schef/git/pico-sdk/src/rp2_common/pico_standard_link/binary_info.c.obj
 .binary_info.keep.__bi_ptr50
                0x0000000010007358        0x4 CMakeFiles/hello_world.dir/home/schef/git/pico-sdk/src/rp2_common/pico_standard_link/binary_info.c.obj
 .binary_info.keep.__bi_ptr75
                0x000000001000735c        0x4 CMakeFiles/hello_world.dir/home/schef/git/pico-sdk/src/rp2_common/pico_standard_link/binary_info.c.obj
 .binary_info.keep.__bi_ptr81
                0x0000000010007360        0x4 CMakeFiles/hello_world.dir/home/schef/git/pico-sdk/src/rp2_common/pico_standard_link/binary_info.c.obj
 *(.binary_info.*)
 .binary_info.__bi_ptr93
                0x0000000010007364        0x4 CMakeFiles/hello_world.dir/home/schef/git/pico-sdk/src/rp2_common/pico_stdio_usb/stdio_usb.c.obj
                0x0000000010007368                __binary_info_end = .
                0x0000000010007368                . = ALIGN (0x4)
                0x0000000010007368                __etext = .

.ram_vector_table
                0x0000000020000000       0xc0
 *(.ram_vector_table)
 .ram_vector_table
                0x0000000020000000       0xc0 CMakeFiles/hello_world.dir/home/schef/git/pico-sdk/src/rp2_common/pico_runtime/runtime.c.obj
                0x0000000020000000                ram_vector_table

.data           0x00000000200000c0      0x850 load address 0x0000000010007368
                0x00000000200000c0                __data_start__ = .
 *(vtable)
 *(.time_critical*)
 .time_critical.mutex_enter_blocking
                0x00000000200000c0       0x60 CMakeFiles/hello_world.dir/home/schef/git/pico-sdk/src/common/pico_sync/mutex.c.obj
                0x00000000200000c0                mutex_enter_blocking
 .time_critical.mutex_try_enter
                0x0000000020000120       0x5c CMakeFiles/hello_world.dir/home/schef/git/pico-sdk/src/common/pico_sync/mutex.c.obj
                0x0000000020000120                mutex_try_enter
 .time_critical.mutex_enter_timeout_ms
                0x000000002000017c       0xb0 CMakeFiles/hello_world.dir/home/schef/git/pico-sdk/src/common/pico_sync/mutex.c.obj
                0x000000002000017c                mutex_enter_timeout_ms
 .time_critical.mutex_exit
                0x000000002000022c       0x58 CMakeFiles/hello_world.dir/home/schef/git/pico-sdk/src/common/pico_sync/mutex.c.obj
                0x000000002000022c                mutex_exit
 .time_critical.flash_init_boot2_copyout
                0x0000000020000284       0x30 CMakeFiles/hello_world.dir/home/schef/git/pico-sdk/src/rp2_common/hardware_flash/flash.c.obj
 .time_critical.flash_enable_xip_via_boot2
                0x00000000200002b4       0x10 CMakeFiles/hello_world.dir/home/schef/git/pico-sdk/src/rp2_common/hardware_flash/flash.c.obj
 .time_critical.flash_cs_force
                0x00000000200002c4       0x38 CMakeFiles/hello_world.dir/home/schef/git/pico-sdk/src/rp2_common/hardware_flash/flash.c.obj
 .time_critical.flash_do_cmd
                0x00000000200002fc       0xa8 CMakeFiles/hello_world.dir/home/schef/git/pico-sdk/src/rp2_common/hardware_flash/flash.c.obj
                0x00000000200002fc                flash_do_cmd
 *(.text*)
 .text          0x00000000200003a4        0x4 /usr/lib/gcc/arm-none-eabi/11.1.0/thumb/v6-m/nofp/libgcc.a(_dvmd_tls.o)
                0x00000000200003a4                __aeabi_ldiv0
                0x00000000200003a4                __aeabi_idiv0
 .text.__stub   0x00000000200003a8       0x40 linker stubs
                0x00000000200003e8                . = ALIGN (0x4)
 *(.rodata*)
                0x00000000200003e8                . = ALIGN (0x4)
 *(.data*)
 .data.striped_spin_lock_num
                0x00000000200003e8        0x1 CMakeFiles/hello_world.dir/home/schef/git/pico-sdk/src/rp2_common/hardware_sync/sync.c.obj
 *fill*         0x00000000200003e9        0x3 
 .data.default_alarm_pool
                0x00000000200003ec       0x18 CMakeFiles/hello_world.dir/home/schef/git/pico-sdk/src/common/pico_time/time.c.obj
 .data.default_alarm_pool_heap
                0x0000000020000404       0x10 CMakeFiles/hello_world.dir/home/schef/git/pico-sdk/src/common/pico_time/time.c.obj
 .data          0x0000000020000414       0x48 CMakeFiles/hello_world.dir/home/schef/git/pico-sdk/src/rp2_common/hardware_irq/irq_handler_chain.S.obj
                0x0000000020000414                irq_handler_chain_slots
                0x0000000020000444                irq_handler_chain_first_slot
                0x000000002000044e                irq_handler_chain_remove_tail
 *fill*         0x000000002000045c        0x4 
 .data.aeabi_bits_funcs
                0x0000000020000460       0x10 CMakeFiles/hello_world.dir/home/schef/git/pico-sdk/src/rp2_common/pico_bit_ops/bit_ops_aeabi.S.obj
                0x0000000020000460                aeabi_bits_funcs
                0x0000000020000470                aeabi_bits_funcs_end
 .data.aeabi_mem_funcs
                0x0000000020000470       0x10 CMakeFiles/hello_world.dir/home/schef/git/pico-sdk/src/rp2_common/pico_mem_ops/mem_ops_aeabi.S.obj
                0x0000000020000470                aeabi_mem_funcs
                0x0000000020000480                aeabi_mem_funcs_end
 .data.stdio_usb
                0x0000000020000480       0x14 CMakeFiles/hello_world.dir/home/schef/git/pico-sdk/src/rp2_common/pico_stdio_usb/stdio_usb.c.obj
                0x0000000020000480                stdio_usb
 .data.ep_dir_string
                0x0000000020000494        0x8 CMakeFiles/hello_world.dir/home/schef/git/pico-sdk/lib/tinyusb/src/portable/raspberrypi/rp2040/rp2040_usb.c.obj
                0x0000000020000494                ep_dir_string
 .data._usbd_qdef
                0x000000002000049c       0x24 CMakeFiles/hello_world.dir/home/schef/git/pico-sdk/lib/tinyusb/src/device/usbd.c.obj
                0x000000002000049c                _usbd_qdef
 .data.impure_data
                0x00000000200004c0      0x428 /usr/lib/gcc/arm-none-eabi/11.1.0/../../../../arm-none-eabi/lib/thumb/v6-m/nofp/libc.a(lib_a-impure.o)
 .data.__atexit_recursive_mutex
                0x00000000200008e8        0x4 /usr/lib/gcc/arm-none-eabi/11.1.0/../../../../arm-none-eabi/lib/thumb/v6-m/nofp/libc.a(lib_a-__call_atexit.o)
                0x00000000200008e8                __atexit_recursive_mutex
                0x00000000200008ec                . = ALIGN (0x4)
 *(.after_data.*)
                0x00000000200008ec                . = ALIGN (0x4)
                0x00000000200008ec                PROVIDE (__mutex_array_start = .)
 *(SORT_BY_NAME(.mutex_array.*))
 *(.mutex_array)
 .mutex_array   0x00000000200008ec        0x8 CMakeFiles/hello_world.dir/home/schef/git/pico-sdk/src/rp2_common/pico_stdio/stdio.c.obj
                0x00000000200008f4                PROVIDE (__mutex_array_end = .)
                0x00000000200008f4                . = ALIGN (0x4)
                0x00000000200008f4                PROVIDE (__preinit_array_start = .)
 *(SORT_BY_NAME(.preinit_array.*))
 .preinit_array.00001
                0x00000000200008f4        0x4 CMakeFiles/hello_world.dir/home/schef/git/pico-sdk/src/rp2_common/pico_mem_ops/mem_ops_aeabi.S.obj
 .preinit_array.00010
                0x00000000200008f8        0x4 CMakeFiles/hello_world.dir/home/schef/git/pico-sdk/src/rp2_common/pico_bit_ops/bit_ops_aeabi.S.obj
 .preinit_array.00020
                0x00000000200008fc        0x4 CMakeFiles/hello_world.dir/home/schef/git/pico-sdk/src/rp2_common/pico_double/double_aeabi.S.obj
 .preinit_array.00020
                0x0000000020000900        0x4 CMakeFiles/hello_world.dir/home/schef/git/pico-sdk/src/rp2_common/pico_float/float_aeabi.S.obj
 *(.preinit_array)
                0x0000000020000904                PROVIDE (__preinit_array_end = .)
                0x0000000020000904                . = ALIGN (0x4)
                0x0000000020000904                PROVIDE (__init_array_start = .)
 *(SORT_BY_NAME(.init_array.*))
 .init_array.00000
                0x0000000020000904        0x4 /usr/lib/gcc/arm-none-eabi/11.1.0/../../../../arm-none-eabi/lib/thumb/v6-m/nofp/libc.a(lib_a-__call_atexit.o)
 *(.init_array)
 .init_array    0x0000000020000908        0x4 /usr/lib/gcc/arm-none-eabi/11.1.0/thumb/v6-m/nofp/crtbegin.o
 .init_array    0x000000002000090c        0x4 CMakeFiles/hello_world.dir/home/schef/git/pico-sdk/src/rp2_common/pico_unique_id/unique_id.c.obj
                0x0000000020000910                PROVIDE (__init_array_end = .)
                0x0000000020000910                . = ALIGN (0x4)
                0x0000000020000910                PROVIDE (__fini_array_start = .)
 *(SORT_BY_NAME(.fini_array.*))
 *(.fini_array)
                0x0000000020000910                PROVIDE (__fini_array_end = .)
 *(.jcr)
                0x0000000020000910                . = ALIGN (0x4)
                0x0000000020000910                __data_end__ = .

.igot.plt       0x0000000020000910        0x0 load address 0x0000000010007bb8
 .igot.plt      0x0000000020000910        0x0 /usr/lib/gcc/arm-none-eabi/11.1.0/thumb/v6-m/nofp/crtbegin.o

.uninitialized_data
                0x0000000020000910        0x0 load address 0x0000000010007bb8
                0x0000000020000910                . = ALIGN (0x4)
 *(.uninitialized_data*)

.scratch_x      0x0000000020040000        0x0 load address 0x0000000010007bb8
                0x0000000020040000                __scratch_x_start__ = .
 *(.scratch_x.*)
                0x0000000020040000                . = ALIGN (0x4)
                0x0000000020040000                __scratch_x_end__ = .
                0x0000000010007bb8                __scratch_x_source__ = LOADADDR (.scratch_x)

.scratch_y      0x0000000020041000        0x0 load address 0x0000000010007bb8
                0x0000000020041000                __scratch_y_start__ = .
 *(.scratch_y.*)
                0x0000000020041000                . = ALIGN (0x4)
                0x0000000020041000                __scratch_y_end__ = .
                0x0000000010007bb8                __scratch_y_source__ = LOADADDR (.scratch_y)

.bss            0x0000000020000910      0xd64
                0x0000000020000910                . = ALIGN (0x4)
                0x0000000020000910                __bss_start__ = .
 *(SORT_BY_ALIGNMENT(SORT_BY_NAME(.bss*)))
 .bss.default_alarm_pool_entries
                0x0000000020000910      0x100 CMakeFiles/hello_world.dir/home/schef/git/pico-sdk/src/common/pico_time/time.c.obj
 .bss.last_avail_time.1
                0x0000000020000a10        0x8 CMakeFiles/hello_world.dir/home/schef/git/pico-sdk/src/rp2_common/pico_stdio_usb/stdio_usb.c.obj
 .bss.sd_table  0x0000000020000a18      0x100 CMakeFiles/hello_world.dir/home/schef/git/pico-sdk/src/rp2_common/pico_double/double_init_rom.c.obj
                0x0000000020000a18                sd_table
 .bss.sf_table  0x0000000020000b18      0x100 CMakeFiles/hello_world.dir/home/schef/git/pico-sdk/src/rp2_common/pico_float/float_init_rom.c.obj
                0x0000000020000b18                sf_table
 .bss.__lock___atexit_recursive_mutex
                0x0000000020000c18        0x1 /usr/lib/gcc/arm-none-eabi/11.1.0/../../../../arm-none-eabi/lib/thumb/v6-m/nofp/libc.a(lib_a-lock.o)
                0x0000000020000c18                __lock___atexit_recursive_mutex
 *fill*         0x0000000020000c19        0x3 
 .bss._app_driver
                0x0000000020000c1c        0x4 CMakeFiles/hello_world.dir/home/schef/git/pico-sdk/lib/tinyusb/src/device/usbd.c.obj
 .bss._cdcd_itf
                0x0000000020000c20      0x2d8 CMakeFiles/hello_world.dir/home/schef/git/pico-sdk/lib/tinyusb/src/class/cdc/cdc_device.c.obj
 .bss._ctrl_xfer
                0x0000000020000ef8       0x14 CMakeFiles/hello_world.dir/home/schef/git/pico-sdk/lib/tinyusb/src/device/usbd_control.c.obj
 .bss._ubsd_mutexdef
                0x0000000020000f0c        0x8 CMakeFiles/hello_world.dir/home/schef/git/pico-sdk/lib/tinyusb/src/device/usbd.c.obj
 .bss._usbd_ctrl_buf
                0x0000000020000f14       0x40 CMakeFiles/hello_world.dir/home/schef/git/pico-sdk/lib/tinyusb/src/device/usbd_control.c.obj
 .bss._usbd_dev
                0x0000000020000f54       0x37 CMakeFiles/hello_world.dir/home/schef/git/pico-sdk/lib/tinyusb/src/device/usbd.c.obj
 *fill*         0x0000000020000f8b        0x1 
 .bss._usbd_mutex
                0x0000000020000f8c        0x4 CMakeFiles/hello_world.dir/home/schef/git/pico-sdk/lib/tinyusb/src/device/usbd.c.obj
 .bss._usbd_q   0x0000000020000f90        0x4 CMakeFiles/hello_world.dir/home/schef/git/pico-sdk/lib/tinyusb/src/device/usbd.c.obj
 .bss._usbd_qdef_buf
                0x0000000020000f94       0xc0 CMakeFiles/hello_world.dir/home/schef/git/pico-sdk/lib/tinyusb/src/device/usbd.c.obj
                0x0000000020000f94                _usbd_qdef_buf
 .bss.alarm_callbacks
                0x0000000020001054       0x10 CMakeFiles/hello_world.dir/home/schef/git/pico-sdk/src/rp2_common/hardware_timer/timer.c.obj
 .bss.boot2_copyout
                0x0000000020001064      0x100 CMakeFiles/hello_world.dir/home/schef/git/pico-sdk/src/rp2_common/hardware_flash/flash.c.obj
 .bss.claimed   0x0000000020001164        0x4 CMakeFiles/hello_world.dir/home/schef/git/pico-sdk/src/rp2_common/hardware_sync/sync.c.obj
 .bss.configured_freq
                0x0000000020001168       0x28 CMakeFiles/hello_world.dir/home/schef/git/pico-sdk/src/rp2_common/hardware_clocks/clocks.c.obj
 .bss.default_alarm_pool_entry_ids_high
                0x0000000020001190       0x10 CMakeFiles/hello_world.dir/home/schef/git/pico-sdk/src/common/pico_time/time.c.obj
 .bss.default_alarm_pool_heap_nodes
                0x00000000200011a0       0x30 CMakeFiles/hello_world.dir/home/schef/git/pico-sdk/src/common/pico_time/time.c.obj
 .bss.desc_str.0
                0x00000000200011d0       0x28 CMakeFiles/hello_world.dir/home/schef/git/pico-sdk/src/rp2_common/pico_stdio_usb/stdio_usb_descriptors.c.obj
 .bss.drivers   0x00000000200011f8        0x4 CMakeFiles/hello_world.dir/home/schef/git/pico-sdk/src/rp2_common/pico_stdio/stdio.c.obj
 .bss.filter    0x00000000200011fc        0x4 CMakeFiles/hello_world.dir/home/schef/git/pico-sdk/src/rp2_common/pico_stdio/stdio.c.obj
 .bss.hw_endpoints
                0x0000000020001200      0x400 CMakeFiles/hello_world.dir/home/schef/git/pico-sdk/lib/tinyusb/src/portable/raspberrypi/rp2040/dcd_rp2040.c.obj
 .bss.lazy_vsnprintf
                0x0000000020001600        0x4 CMakeFiles/hello_world.dir/home/schef/git/pico-sdk/src/rp2_common/pico_printf/printf.c.obj
 .bss.load_value
                0x0000000020001604        0x4 CMakeFiles/hello_world.dir/home/schef/git/pico-sdk/src/rp2_common/hardware_watchdog/watchdog.c.obj
 .bss.next_buffer_ptr
                0x0000000020001608        0x4 CMakeFiles/hello_world.dir/home/schef/git/pico-sdk/lib/tinyusb/src/portable/raspberrypi/rp2040/dcd_rp2040.c.obj
 .bss.object.0  0x000000002000160c       0x18 /usr/lib/gcc/arm-none-eabi/11.1.0/thumb/v6-m/nofp/crtbegin.o
 .bss.pools     0x0000000020001624       0x10 CMakeFiles/hello_world.dir/home/schef/git/pico-sdk/src/common/pico_time/time.c.obj
 .bss.retrieved_id
                0x0000000020001634        0x8 CMakeFiles/hello_world.dir/home/schef/git/pico-sdk/src/rp2_common/pico_unique_id/unique_id.c.obj
 .bss.sf_clz_func
                0x000000002000163c        0x4 CMakeFiles/hello_world.dir/home/schef/git/pico-sdk/src/rp2_common/pico_float/float_init_rom.c.obj
                0x000000002000163c                sf_clz_func
 .bss.sleep_notifier
                0x0000000020001640        0x4 CMakeFiles/hello_world.dir/home/schef/git/pico-sdk/src/common/pico_time/time.c.obj
 .bss.stdio_usb_mutex
                0x0000000020001644        0x8 CMakeFiles/hello_world.dir/home/schef/git/pico-sdk/src/rp2_common/pico_stdio_usb/stdio_usb.c.obj
 .bss.target_hi
                0x000000002000164c       0x10 CMakeFiles/hello_world.dir/home/schef/git/pico-sdk/src/rp2_common/hardware_timer/timer.c.obj
 .bss.usbd_serial_str
                0x000000002000165c       0x11 CMakeFiles/hello_world.dir/home/schef/git/pico-sdk/src/rp2_common/pico_stdio_usb/stdio_usb_descriptors.c.obj
 .bss._app_driver_count
                0x000000002000166d        0x1 CMakeFiles/hello_world.dir/home/schef/git/pico-sdk/lib/tinyusb/src/device/usbd.c.obj
 .bss._usbd_initialized
                0x000000002000166e        0x1 CMakeFiles/hello_world.dir/home/schef/git/pico-sdk/lib/tinyusb/src/device/usbd.c.obj
 .bss.boot2_copyout_valid
                0x000000002000166f        0x1 CMakeFiles/hello_world.dir/home/schef/git/pico-sdk/src/rp2_common/hardware_flash/flash.c.obj
 .bss.claimed   0x0000000020001670        0x1 CMakeFiles/hello_world.dir/home/schef/git/pico-sdk/src/rp2_common/hardware_timer/timer.c.obj
 .bss.irq_hander_chain_free_slot_head
                0x0000000020001671        0x1 CMakeFiles/hello_world.dir/home/schef/git/pico-sdk/src/rp2_common/hardware_irq/irq.c.obj
 .bss.itf_num   0x0000000020001672        0x1 CMakeFiles/hello_world.dir/home/schef/git/pico-sdk/src/rp2_common/pico_stdio_usb/reset_interface.c.obj
 .bss.timer_callbacks_pending
                0x0000000020001673        0x1 CMakeFiles/hello_world.dir/home/schef/git/pico-sdk/src/rp2_common/hardware_timer/timer.c.obj
 *(COMMON)
                0x0000000020001674                . = ALIGN (0x4)
                0x0000000020001674                __bss_end__ = .

.heap           0x0000000020001674      0x800
                0x0000000020001674                __end__ = .
                0x0000000020001674                end = __end__
 *(.heap*)
 .heap          0x0000000020001674      0x800 CMakeFiles/hello_world.dir/home/schef/git/pico-sdk/src/rp2_common/pico_standard_link/crt0.S.obj
                0x0000000020001e74                __HeapLimit = .

.stack1_dummy   0x0000000020040000        0x0
 *(.stack1*)

.stack_dummy    0x0000000020041000      0x800
 *(.stack*)
 .stack         0x0000000020041000      0x800 CMakeFiles/hello_world.dir/home/schef/git/pico-sdk/src/rp2_common/pico_standard_link/crt0.S.obj

.flash_end      0x0000000010007bb8        0x0
                0x0000000010007bb8                __flash_binary_end = .
                0x0000000020040000                __StackLimit = (ORIGIN (RAM) + LENGTH (RAM))
                0x0000000020041000                __StackOneTop = (ORIGIN (SCRATCH_X) + LENGTH (SCRATCH_X))
                0x0000000020042000                __StackTop = (ORIGIN (SCRATCH_Y) + LENGTH (SCRATCH_Y))
                0x0000000020041000                __StackOneBottom = (__StackOneTop - SIZEOF (.stack1_dummy))
                0x0000000020041800                __StackBottom = (__StackTop - SIZEOF (.stack_dummy))
                0x0000000020042000                PROVIDE (__stack = __StackTop)
                0x0000000000000001                ASSERT ((__StackLimit >= __HeapLimit), region RAM overflowed)
                0x0000000000000001                ASSERT (((__binary_info_header_end - __logical_binary_start) <= 0x100), Binary info must be in first 256 bytes of the binary)
LOAD CMakeFiles/hello_world.dir/hello_world.c.obj
LOAD CMakeFiles/hello_world.dir/home/schef/git/pico-sdk/src/rp2_common/pico_stdlib/stdlib.c.obj
LOAD CMakeFiles/hello_world.dir/home/schef/git/pico-sdk/src/rp2_common/hardware_gpio/gpio.c.obj
LOAD CMakeFiles/hello_world.dir/home/schef/git/pico-sdk/src/rp2_common/hardware_claim/claim.c.obj
LOAD CMakeFiles/hello_world.dir/home/schef/git/pico-sdk/src/rp2_common/pico_platform/platform.c.obj
LOAD CMakeFiles/hello_world.dir/home/schef/git/pico-sdk/src/rp2_common/hardware_sync/sync.c.obj
LOAD CMakeFiles/hello_world.dir/home/schef/git/pico-sdk/src/rp2_common/hardware_uart/uart.c.obj
LOAD CMakeFiles/hello_world.dir/home/schef/git/pico-sdk/src/rp2_common/hardware_divider/divider.S.obj
LOAD CMakeFiles/hello_world.dir/home/schef/git/pico-sdk/src/common/pico_time/time.c.obj
LOAD CMakeFiles/hello_world.dir/home/schef/git/pico-sdk/src/common/pico_time/timeout_helper.c.obj
LOAD CMakeFiles/hello_world.dir/home/schef/git/pico-sdk/src/rp2_common/hardware_timer/timer.c.obj
LOAD CMakeFiles/hello_world.dir/home/schef/git/pico-sdk/src/common/pico_sync/sem.c.obj
LOAD CMakeFiles/hello_world.dir/home/schef/git/pico-sdk/src/common/pico_sync/lock_core.c.obj
LOAD CMakeFiles/hello_world.dir/home/schef/git/pico-sdk/src/common/pico_sync/mutex.c.obj
LOAD CMakeFiles/hello_world.dir/home/schef/git/pico-sdk/src/common/pico_sync/critical_section.c.obj
LOAD CMakeFiles/hello_world.dir/home/schef/git/pico-sdk/src/common/pico_util/datetime.c.obj
LOAD CMakeFiles/hello_world.dir/home/schef/git/pico-sdk/src/common/pico_util/pheap.c.obj
LOAD CMakeFiles/hello_world.dir/home/schef/git/pico-sdk/src/common/pico_util/queue.c.obj
LOAD CMakeFiles/hello_world.dir/home/schef/git/pico-sdk/src/rp2_common/pico_runtime/runtime.c.obj
LOAD CMakeFiles/hello_world.dir/home/schef/git/pico-sdk/src/rp2_common/hardware_clocks/clocks.c.obj
LOAD CMakeFiles/hello_world.dir/home/schef/git/pico-sdk/src/rp2_common/hardware_irq/irq.c.obj
LOAD CMakeFiles/hello_world.dir/home/schef/git/pico-sdk/src/rp2_common/hardware_irq/irq_handler_chain.S.obj
LOAD CMakeFiles/hello_world.dir/home/schef/git/pico-sdk/src/rp2_common/hardware_pll/pll.c.obj
LOAD CMakeFiles/hello_world.dir/home/schef/git/pico-sdk/src/rp2_common/hardware_vreg/vreg.c.obj
LOAD CMakeFiles/hello_world.dir/home/schef/git/pico-sdk/src/rp2_common/hardware_watchdog/watchdog.c.obj
LOAD CMakeFiles/hello_world.dir/home/schef/git/pico-sdk/src/rp2_common/hardware_xosc/xosc.c.obj
LOAD CMakeFiles/hello_world.dir/home/schef/git/pico-sdk/src/rp2_common/pico_printf/printf.c.obj
LOAD CMakeFiles/hello_world.dir/home/schef/git/pico-sdk/src/rp2_common/pico_bit_ops/bit_ops_aeabi.S.obj
LOAD CMakeFiles/hello_world.dir/home/schef/git/pico-sdk/src/rp2_common/pico_bootrom/bootrom.c.obj
LOAD CMakeFiles/hello_world.dir/home/schef/git/pico-sdk/src/rp2_common/pico_divider/divider.S.obj
LOAD CMakeFiles/hello_world.dir/home/schef/git/pico-sdk/src/rp2_common/pico_double/double_aeabi.S.obj
LOAD CMakeFiles/hello_world.dir/home/schef/git/pico-sdk/src/rp2_common/pico_double/double_init_rom.c.obj
LOAD CMakeFiles/hello_world.dir/home/schef/git/pico-sdk/src/rp2_common/pico_double/double_math.c.obj
LOAD CMakeFiles/hello_world.dir/home/schef/git/pico-sdk/src/rp2_common/pico_double/double_v1_rom_shim.S.obj
LOAD CMakeFiles/hello_world.dir/home/schef/git/pico-sdk/src/rp2_common/pico_int64_ops/pico_int64_ops_aeabi.S.obj
LOAD CMakeFiles/hello_world.dir/home/schef/git/pico-sdk/src/rp2_common/pico_float/float_aeabi.S.obj
LOAD CMakeFiles/hello_world.dir/home/schef/git/pico-sdk/src/rp2_common/pico_float/float_init_rom.c.obj
LOAD CMakeFiles/hello_world.dir/home/schef/git/pico-sdk/src/rp2_common/pico_float/float_math.c.obj
LOAD CMakeFiles/hello_world.dir/home/schef/git/pico-sdk/src/rp2_common/pico_float/float_v1_rom_shim.S.obj
LOAD CMakeFiles/hello_world.dir/home/schef/git/pico-sdk/src/rp2_common/pico_malloc/pico_malloc.c.obj
LOAD CMakeFiles/hello_world.dir/home/schef/git/pico-sdk/src/rp2_common/pico_mem_ops/mem_ops_aeabi.S.obj
LOAD CMakeFiles/hello_world.dir/home/schef/git/pico-sdk/src/rp2_common/pico_standard_link/crt0.S.obj
LOAD CMakeFiles/hello_world.dir/home/schef/git/pico-sdk/src/rp2_common/pico_standard_link/new_delete.cpp.obj
LOAD CMakeFiles/hello_world.dir/home/schef/git/pico-sdk/src/rp2_common/pico_standard_link/binary_info.c.obj
LOAD CMakeFiles/hello_world.dir/home/schef/git/pico-sdk/src/rp2_common/pico_stdio/stdio.c.obj
LOAD CMakeFiles/hello_world.dir/home/schef/git/pico-sdk/src/rp2_common/pico_stdio_usb/reset_interface.c.obj
LOAD CMakeFiles/hello_world.dir/home/schef/git/pico-sdk/src/rp2_common/pico_stdio_usb/stdio_usb.c.obj
LOAD CMakeFiles/hello_world.dir/home/schef/git/pico-sdk/src/rp2_common/pico_stdio_usb/stdio_usb_descriptors.c.obj
LOAD CMakeFiles/hello_world.dir/home/schef/git/pico-sdk/lib/tinyusb/src/portable/raspberrypi/rp2040/dcd_rp2040.c.obj
LOAD CMakeFiles/hello_world.dir/home/schef/git/pico-sdk/lib/tinyusb/src/portable/raspberrypi/rp2040/rp2040_usb.c.obj
LOAD CMakeFiles/hello_world.dir/home/schef/git/pico-sdk/lib/tinyusb/src/device/usbd.c.obj
LOAD CMakeFiles/hello_world.dir/home/schef/git/pico-sdk/lib/tinyusb/src/device/usbd_control.c.obj
LOAD CMakeFiles/hello_world.dir/home/schef/git/pico-sdk/lib/tinyusb/src/class/audio/audio_device.c.obj
LOAD CMakeFiles/hello_world.dir/home/schef/git/pico-sdk/lib/tinyusb/src/class/cdc/cdc_device.c.obj
LOAD CMakeFiles/hello_world.dir/home/schef/git/pico-sdk/lib/tinyusb/src/class/dfu/dfu_device.c.obj
LOAD CMakeFiles/hello_world.dir/home/schef/git/pico-sdk/lib/tinyusb/src/class/dfu/dfu_rt_device.c.obj
LOAD CMakeFiles/hello_world.dir/home/schef/git/pico-sdk/lib/tinyusb/src/class/hid/hid_device.c.obj
LOAD CMakeFiles/hello_world.dir/home/schef/git/pico-sdk/lib/tinyusb/src/class/midi/midi_device.c.obj
LOAD CMakeFiles/hello_world.dir/home/schef/git/pico-sdk/lib/tinyusb/src/class/msc/msc_device.c.obj
LOAD CMakeFiles/hello_world.dir/home/schef/git/pico-sdk/lib/tinyusb/src/class/net/net_device.c.obj
LOAD CMakeFiles/hello_world.dir/home/schef/git/pico-sdk/lib/tinyusb/src/class/usbtmc/usbtmc_device.c.obj
LOAD CMakeFiles/hello_world.dir/home/schef/git/pico-sdk/lib/tinyusb/src/class/vendor/vendor_device.c.obj
LOAD CMakeFiles/hello_world.dir/home/schef/git/pico-sdk/lib/tinyusb/src/tusb.c.obj
LOAD CMakeFiles/hello_world.dir/home/schef/git/pico-sdk/lib/tinyusb/src/common/tusb_fifo.c.obj
LOAD CMakeFiles/hello_world.dir/home/schef/git/pico-sdk/src/rp2_common/pico_fix/rp2040_usb_device_enumeration/rp2040_usb_device_enumeration.c.obj
LOAD CMakeFiles/hello_world.dir/home/schef/git/pico-sdk/src/rp2_common/pico_unique_id/unique_id.c.obj
LOAD CMakeFiles/hello_world.dir/home/schef/git/pico-sdk/src/rp2_common/hardware_flash/flash.c.obj
LOAD CMakeFiles/hello_world.dir/home/schef/git/pico-sdk/src/rp2_common/hardware_adc/adc.c.obj
LOAD /tmp/cceKFZ77.o
LOAD /usr/lib/gcc/arm-none-eabi/11.1.0/../../../../arm-none-eabi/lib/thumb/v6-m/nofp/libstdc++.a
LOAD /usr/lib/gcc/arm-none-eabi/11.1.0/../../../../arm-none-eabi/lib/thumb/v6-m/nofp/libm.a
START GROUP
LOAD /usr/lib/gcc/arm-none-eabi/11.1.0/thumb/v6-m/nofp/libgcc.a
LOAD /usr/lib/gcc/arm-none-eabi/11.1.0/../../../../arm-none-eabi/lib/thumb/v6-m/nofp/libc.a
END GROUP
START GROUP
LOAD /usr/lib/gcc/arm-none-eabi/11.1.0/thumb/v6-m/nofp/libgcc.a
LOAD /usr/lib/gcc/arm-none-eabi/11.1.0/../../../../arm-none-eabi/lib/thumb/v6-m/nofp/libc.a
LOAD /usr/lib/gcc/arm-none-eabi/11.1.0/../../../../arm-none-eabi/lib/thumb/v6-m/nofp/libnosys.a
END GROUP
LOAD /usr/lib/gcc/arm-none-eabi/11.1.0/thumb/v6-m/nofp/crtend.o
LOAD /usr/lib/gcc/arm-none-eabi/11.1.0/thumb/v6-m/nofp/crtn.o
OUTPUT(hello_world.elf elf32-littlearm)
LOAD linker stubs

.ARM.attributes
                0x0000000000000000       0x28
 .ARM.attributes
                0x0000000000000000       0x1e /usr/lib/gcc/arm-none-eabi/11.1.0/thumb/v6-m/nofp/crti.o
 .ARM.attributes
                0x000000000000001e       0x2c /usr/lib/gcc/arm-none-eabi/11.1.0/thumb/v6-m/nofp/crtbegin.o
 .ARM.attributes
                0x000000000000004a       0x2c CMakeFiles/hello_world.dir/hello_world.c.obj
 .ARM.attributes
                0x0000000000000076       0x2c CMakeFiles/hello_world.dir/home/schef/git/pico-sdk/src/rp2_common/hardware_gpio/gpio.c.obj
 .ARM.attributes
                0x00000000000000a2       0x2c CMakeFiles/hello_world.dir/home/schef/git/pico-sdk/src/rp2_common/hardware_claim/claim.c.obj
 .ARM.attributes
                0x00000000000000ce       0x2c CMakeFiles/hello_world.dir/home/schef/git/pico-sdk/src/rp2_common/pico_platform/platform.c.obj
 .ARM.attributes
                0x00000000000000fa       0x2c CMakeFiles/hello_world.dir/home/schef/git/pico-sdk/src/rp2_common/hardware_sync/sync.c.obj
 .ARM.attributes
                0x0000000000000126       0x2c CMakeFiles/hello_world.dir/home/schef/git/pico-sdk/src/common/pico_time/time.c.obj
 .ARM.attributes
                0x0000000000000152       0x2c CMakeFiles/hello_world.dir/home/schef/git/pico-sdk/src/rp2_common/hardware_timer/timer.c.obj
 .ARM.attributes
                0x000000000000017e       0x2c CMakeFiles/hello_world.dir/home/schef/git/pico-sdk/src/common/pico_sync/lock_core.c.obj
 .ARM.attributes
                0x00000000000001aa       0x2c CMakeFiles/hello_world.dir/home/schef/git/pico-sdk/src/common/pico_sync/mutex.c.obj
 .ARM.attributes
                0x00000000000001d6       0x2c CMakeFiles/hello_world.dir/home/schef/git/pico-sdk/src/common/pico_sync/critical_section.c.obj
 .ARM.attributes
                0x0000000000000202       0x2c CMakeFiles/hello_world.dir/home/schef/git/pico-sdk/src/common/pico_util/pheap.c.obj
 .ARM.attributes
                0x000000000000022e       0x2c CMakeFiles/hello_world.dir/home/schef/git/pico-sdk/src/rp2_common/pico_runtime/runtime.c.obj
 .ARM.attributes
                0x000000000000025a       0x2c CMakeFiles/hello_world.dir/home/schef/git/pico-sdk/src/rp2_common/hardware_clocks/clocks.c.obj
 .ARM.attributes
                0x0000000000000286       0x2c CMakeFiles/hello_world.dir/home/schef/git/pico-sdk/src/rp2_common/hardware_irq/irq.c.obj
 .ARM.attributes
                0x00000000000002b2       0x22 CMakeFiles/hello_world.dir/home/schef/git/pico-sdk/src/rp2_common/hardware_irq/irq_handler_chain.S.obj
 .ARM.attributes
                0x00000000000002d4       0x2c CMakeFiles/hello_world.dir/home/schef/git/pico-sdk/src/rp2_common/hardware_pll/pll.c.obj
 .ARM.attributes
                0x0000000000000300       0x2c CMakeFiles/hello_world.dir/home/schef/git/pico-sdk/src/rp2_common/hardware_watchdog/watchdog.c.obj
 .ARM.attributes
                0x000000000000032c       0x2c CMakeFiles/hello_world.dir/home/schef/git/pico-sdk/src/rp2_common/hardware_xosc/xosc.c.obj
 .ARM.attributes
                0x0000000000000358       0x2c CMakeFiles/hello_world.dir/home/schef/git/pico-sdk/src/rp2_common/pico_printf/printf.c.obj
 .ARM.attributes
                0x0000000000000384       0x22 CMakeFiles/hello_world.dir/home/schef/git/pico-sdk/src/rp2_common/pico_bit_ops/bit_ops_aeabi.S.obj
 .ARM.attributes
                0x00000000000003a6       0x2c CMakeFiles/hello_world.dir/home/schef/git/pico-sdk/src/rp2_common/pico_bootrom/bootrom.c.obj
 .ARM.attributes
                0x00000000000003d2       0x22 CMakeFiles/hello_world.dir/home/schef/git/pico-sdk/src/rp2_common/pico_divider/divider.S.obj
 .ARM.attributes
                0x00000000000003f4       0x22 CMakeFiles/hello_world.dir/home/schef/git/pico-sdk/src/rp2_common/pico_double/double_aeabi.S.obj
 .ARM.attributes
                0x0000000000000416       0x2c CMakeFiles/hello_world.dir/home/schef/git/pico-sdk/src/rp2_common/pico_double/double_init_rom.c.obj
 .ARM.attributes
                0x0000000000000442       0x22 CMakeFiles/hello_world.dir/home/schef/git/pico-sdk/src/rp2_common/pico_double/double_v1_rom_shim.S.obj
 .ARM.attributes
                0x0000000000000464       0x22 CMakeFiles/hello_world.dir/home/schef/git/pico-sdk/src/rp2_common/pico_int64_ops/pico_int64_ops_aeabi.S.obj
 .ARM.attributes
                0x0000000000000486       0x22 CMakeFiles/hello_world.dir/home/schef/git/pico-sdk/src/rp2_common/pico_float/float_aeabi.S.obj
 .ARM.attributes
                0x00000000000004a8       0x2c CMakeFiles/hello_world.dir/home/schef/git/pico-sdk/src/rp2_common/pico_float/float_init_rom.c.obj
 .ARM.attributes
                0x00000000000004d4       0x22 CMakeFiles/hello_world.dir/home/schef/git/pico-sdk/src/rp2_common/pico_float/float_v1_rom_shim.S.obj
 .ARM.attributes
                0x00000000000004f6       0x22 CMakeFiles/hello_world.dir/home/schef/git/pico-sdk/src/rp2_common/pico_mem_ops/mem_ops_aeabi.S.obj
 .ARM.attributes
                0x0000000000000518       0x22 CMakeFiles/hello_world.dir/home/schef/git/pico-sdk/src/rp2_common/pico_standard_link/crt0.S.obj
 .ARM.attributes
                0x000000000000053a       0x32 CMakeFiles/hello_world.dir/home/schef/git/pico-sdk/src/rp2_common/pico_standard_link/binary_info.c.obj
 .ARM.attributes
                0x000000000000056c       0x2c CMakeFiles/hello_world.dir/home/schef/git/pico-sdk/src/rp2_common/pico_stdio/stdio.c.obj
 .ARM.attributes
                0x0000000000000598       0x2c CMakeFiles/hello_world.dir/home/schef/git/pico-sdk/src/rp2_common/pico_stdio_usb/reset_interface.c.obj
 .ARM.attributes
                0x00000000000005c4       0x2c CMakeFiles/hello_world.dir/home/schef/git/pico-sdk/src/rp2_common/pico_stdio_usb/stdio_usb.c.obj
 .ARM.attributes
                0x00000000000005f0       0x2c CMakeFiles/hello_world.dir/home/schef/git/pico-sdk/src/rp2_common/pico_stdio_usb/stdio_usb_descriptors.c.obj
 .ARM.attributes
                0x000000000000061c       0x2c CMakeFiles/hello_world.dir/home/schef/git/pico-sdk/lib/tinyusb/src/portable/raspberrypi/rp2040/dcd_rp2040.c.obj
 .ARM.attributes
                0x0000000000000648       0x2c CMakeFiles/hello_world.dir/home/schef/git/pico-sdk/lib/tinyusb/src/portable/raspberrypi/rp2040/rp2040_usb.c.obj
 .ARM.attributes
                0x0000000000000674       0x2c CMakeFiles/hello_world.dir/home/schef/git/pico-sdk/lib/tinyusb/src/device/usbd.c.obj
 .ARM.attributes
                0x00000000000006a0       0x2c CMakeFiles/hello_world.dir/home/schef/git/pico-sdk/lib/tinyusb/src/device/usbd_control.c.obj
 .ARM.attributes
                0x00000000000006cc       0x2c CMakeFiles/hello_world.dir/home/schef/git/pico-sdk/lib/tinyusb/src/class/cdc/cdc_device.c.obj
 .ARM.attributes
                0x00000000000006f8       0x2c CMakeFiles/hello_world.dir/home/schef/git/pico-sdk/lib/tinyusb/src/tusb.c.obj
 .ARM.attributes
                0x0000000000000724       0x2c CMakeFiles/hello_world.dir/home/schef/git/pico-sdk/lib/tinyusb/src/common/tusb_fifo.c.obj
 .ARM.attributes
                0x0000000000000750       0x2c CMakeFiles/hello_world.dir/home/schef/git/pico-sdk/src/rp2_common/pico_unique_id/unique_id.c.obj
 .ARM.attributes
                0x000000000000077c       0x2c CMakeFiles/hello_world.dir/home/schef/git/pico-sdk/src/rp2_common/hardware_flash/flash.c.obj
 .ARM.attributes
                0x00000000000007a8       0x2c CMakeFiles/hello_world.dir/home/schef/git/pico-sdk/src/rp2_common/hardware_adc/adc.c.obj
 .ARM.attributes
                0x00000000000007d4       0x22 /tmp/cceKFZ77.o
 .ARM.attributes
                0x00000000000007f6       0x1e /usr/lib/gcc/arm-none-eabi/11.1.0/thumb/v6-m/nofp/libgcc.a(_dvmd_tls.o)
 .ARM.attributes
                0x0000000000000814       0x2c /usr/lib/gcc/arm-none-eabi/11.1.0/../../../../arm-none-eabi/lib/thumb/v6-m/nofp/libc.a(lib_a-atexit.o)
 .ARM.attributes
                0x0000000000000840       0x2c /usr/lib/gcc/arm-none-eabi/11.1.0/../../../../arm-none-eabi/lib/thumb/v6-m/nofp/libc.a(lib_a-fini.o)
 .ARM.attributes
                0x000000000000086c       0x2c /usr/lib/gcc/arm-none-eabi/11.1.0/../../../../arm-none-eabi/lib/thumb/v6-m/nofp/libc.a(lib_a-impure.o)
 .ARM.attributes
                0x0000000000000898       0x2c /usr/lib/gcc/arm-none-eabi/11.1.0/../../../../arm-none-eabi/lib/thumb/v6-m/nofp/libc.a(lib_a-strlen-stub.o)
 .ARM.attributes
                0x00000000000008c4       0x2c /usr/lib/gcc/arm-none-eabi/11.1.0/../../../../arm-none-eabi/lib/thumb/v6-m/nofp/libc.a(lib_a-__atexit.o)
 .ARM.attributes
                0x00000000000008f0       0x2c /usr/lib/gcc/arm-none-eabi/11.1.0/../../../../arm-none-eabi/lib/thumb/v6-m/nofp/libc.a(lib_a-__call_atexit.o)
 .ARM.attributes
                0x000000000000091c       0x2c /usr/lib/gcc/arm-none-eabi/11.1.0/../../../../arm-none-eabi/lib/thumb/v6-m/nofp/libc.a(lib_a-lock.o)

.comment        0x0000000000000000       0x1e
 .comment       0x0000000000000000       0x1e CMakeFiles/hello_world.dir/hello_world.c.obj